Component: ARM Compiler 5.05 update 1 (build 106) Tool: armlink [4d0efa]

==============================================================================

Section Cross References

    main.o(i.FatTest) refers to _printf_percent.o(.ARM.Collect$$_printf_percent$$00000000) for _printf_percent
    main.o(i.FatTest) refers to _printf_s.o(.ARM.Collect$$_printf_percent$$00000014) for _printf_s
    main.o(i.FatTest) refers to _printf_str.o(.text) for _printf_str
    main.o(i.FatTest) refers to ff.o(i.f_open) for f_open
    main.o(i.FatTest) refers to ff.o(i.f_read) for f_read
    main.o(i.FatTest) refers to ff.o(i.f_close) for f_close
    main.o(i.FatTest) refers to noretval__2printf.o(.text) for __2printf
    main.o(i.FatTest) refers to exfuns.o(.data) for br
    main.o(i.LED_Init) refers to stm32f10x_rcc.o(i.RCC_APB2PeriphClockCmd) for RCC_APB2PeriphClockCmd
    main.o(i.LED_Init) refers to stm32f10x_gpio.o(i.GPIO_Init) for GPIO_Init
    main.o(i.LED_Init) refers to stm32f10x_gpio.o(i.GPIO_ResetBits) for GPIO_ResetBits
    main.o(i.MusicPlay) refers to ff.o(i.f_open) for f_open
    main.o(i.MusicPlay) refers to noretval__2printf.o(.text) for __2printf
    main.o(i.MusicPlay) refers to delay.o(i.delay_ms) for delay_ms
    main.o(i.MusicPlay) refers to vs10xx.o(i.VS_HD_Reset) for VS_HD_Reset
    main.o(i.MusicPlay) refers to vs10xx.o(i.VS_Soft_Reset) for VS_Soft_Reset
    main.o(i.MusicPlay) refers to vs10xx.o(i.VS_Set_Vol) for VS_Set_Vol
    main.o(i.MusicPlay) refers to vs10xx.o(i.VS_Restart_Play) for VS_Restart_Play
    main.o(i.MusicPlay) refers to vs10xx.o(i.VS_Set_All) for VS_Set_All
    main.o(i.MusicPlay) refers to vs10xx.o(i.VS_Reset_DecodeTime) for VS_Reset_DecodeTime
    main.o(i.MusicPlay) refers to vs10xx.o(i.VS_SPI_SpeedHigh) for VS_SPI_SpeedHigh
    main.o(i.MusicPlay) refers to ff.o(i.f_read) for f_read
    main.o(i.MusicPlay) refers to vs10xx.o(i.VS_Send_MusicData) for VS_Send_MusicData
    main.o(i.MusicPlay) refers to ff.o(i.f_close) for f_close
    main.o(i.MusicPlay) refers to exfuns.o(.data) for br
    main.o(i.main) refers to _printf_percent.o(.ARM.Collect$$_printf_percent$$00000000) for _printf_percent
    main.o(i.main) refers to _printf_d.o(.ARM.Collect$$_printf_percent$$00000009) for _printf_d
    main.o(i.main) refers to _printf_dec.o(.text) for _printf_int_dec
    main.o(i.main) refers to misc.o(i.NVIC_PriorityGroupConfig) for NVIC_PriorityGroupConfig
    main.o(i.main) refers to spi.o(i.SPI2_Init) for SPI2_Init
    main.o(i.main) refers to spi.o(i.SPI1_Init) for SPI1_Init
    main.o(i.main) refers to usart.o(i.uart_init) for uart_init
    main.o(i.main) refers to delay.o(i.delay_init) for delay_init
    main.o(i.main) refers to key.o(i.KeyInit) for KeyInit
    main.o(i.main) refers to lcd_2_0.o(i.LCD_Init) for LCD_Init
    main.o(i.main) refers to w25qxx.o(i.W25QXX_Init) for W25QXX_Init
    main.o(i.main) refers to vs10xx.o(i.VS_Init) for VS_Init
    main.o(i.main) refers to malloc.o(i.my_mem_init) for my_mem_init
    main.o(i.main) refers to exfuns.o(i.exfuns_init) for exfuns_init
    main.o(i.main) refers to ff.o(i.f_mount) for f_mount
    main.o(i.main) refers to exfuns.o(i.exf_getfree) for exf_getfree
    main.o(i.main) refers to noretval__2printf.o(.text) for __2printf
    main.o(i.main) refers to framebox.o(i.FrameStart) for FrameStart
    main.o(i.main) refers to player.o(i.mp3_play) for mp3_play
    system_stm32f10x.o(i.SetSysClock) refers to system_stm32f10x.o(i.SetSysClockTo72) for SetSysClockTo72
    system_stm32f10x.o(i.SystemCoreClockUpdate) refers to system_stm32f10x.o(.data) for SystemCoreClock
    system_stm32f10x.o(i.SystemInit) refers to system_stm32f10x.o(i.SetSysClock) for SetSysClock
    startup_stm32f10x_hd.o(STACK) refers (Special) to heapauxi.o(.text) for __use_two_region_memory
    startup_stm32f10x_hd.o(HEAP) refers (Special) to heapauxi.o(.text) for __use_two_region_memory
    startup_stm32f10x_hd.o(RESET) refers (Special) to heapauxi.o(.text) for __use_two_region_memory
    startup_stm32f10x_hd.o(RESET) refers to startup_stm32f10x_hd.o(STACK) for __initial_sp
    startup_stm32f10x_hd.o(RESET) refers to startup_stm32f10x_hd.o(.text) for Reset_Handler
    startup_stm32f10x_hd.o(RESET) refers to stm32f10x_it.o(i.NMI_Handler) for NMI_Handler
    startup_stm32f10x_hd.o(RESET) refers to stm32f10x_it.o(i.HardFault_Handler) for HardFault_Handler
    startup_stm32f10x_hd.o(RESET) refers to stm32f10x_it.o(i.MemManage_Handler) for MemManage_Handler
    startup_stm32f10x_hd.o(RESET) refers to stm32f10x_it.o(i.BusFault_Handler) for BusFault_Handler
    startup_stm32f10x_hd.o(RESET) refers to stm32f10x_it.o(i.UsageFault_Handler) for UsageFault_Handler
    startup_stm32f10x_hd.o(RESET) refers to stm32f10x_it.o(i.SVC_Handler) for SVC_Handler
    startup_stm32f10x_hd.o(RESET) refers to stm32f10x_it.o(i.DebugMon_Handler) for DebugMon_Handler
    startup_stm32f10x_hd.o(RESET) refers to stm32f10x_it.o(i.PendSV_Handler) for PendSV_Handler
[...]
    i.MicroSDRecvData                        0x0800124c   Section        0  microsd.o(i.MicroSDRecvData)
    i.MicroSDSendBlock                       0x08001284   Section        0  microsd.o(i.MicroSDSendBlock)
    i.MicroSDSendCmd                         0x080012d8   Section        0  microsd.o(i.MicroSDSendCmd)
    i.MicroSDWaitReady                       0x08001348   Section        0  microsd.o(i.MicroSDWaitReady)
    i.MicroSDWriteDisk                       0x0800136c   Section        0  microsd.o(i.MicroSDWriteDisk)
    i.NMI_Handler                            0x08001400   Section        0  stm32f10x_it.o(i.NMI_Handler)
    i.NVIC_Init                              0x08001404   Section        0  misc.o(i.NVIC_Init)
    i.NVIC_PriorityGroupConfig               0x08001474   Section        0  misc.o(i.NVIC_PriorityGroupConfig)
    i.PendSV_Handler                         0x08001488   Section        0  stm32f10x_it.o(i.PendSV_Handler)
    i.RCC_APB1PeriphClockCmd                 0x0800148c   Section        0  stm32f10x_rcc.o(i.RCC_APB1PeriphClockCmd)
    i.RCC_APB2PeriphClockCmd                 0x080014ac   Section        0  stm32f10x_rcc.o(i.RCC_APB2PeriphClockCmd)
    i.RCC_GetClocksFreq                      0x080014cc   Section        0  stm32f10x_rcc.o(i.RCC_GetClocksFreq)
    i.SPI1_Init                              0x080015a0   Section        0  spi.o(i.SPI1_Init)
    i.SPI1_ReadWriteByte                     0x08001630   Section        0  spi.o(i.SPI1_ReadWriteByte)
    i.SPI1_SetSpeed                          0x08001684   Section        0  spi.o(i.SPI1_SetSpeed)
    i.SPI2_Init                              0x080016ac   Section        0  spi.o(i.SPI2_Init)
    i.SPI2_ReadWriteByte                     0x08001738   Section        0  spi.o(i.SPI2_ReadWriteByte)
    i.SPI2_SetSpeed                          0x0800178c   Section        0  spi.o(i.SPI2_SetSpeed)
    i.SPI_Cmd                                0x080017b4   Section        0  stm32f10x_spi.o(i.SPI_Cmd)
    i.SPI_I2S_GetFlagStatus                  0x080017cc   Section        0  stm32f10x_spi.o(i.SPI_I2S_GetFlagStatus)
    i.SPI_I2S_ReceiveData                    0x080017de   Section        0  stm32f10x_spi.o(i.SPI_I2S_ReceiveData)
    i.SPI_I2S_SendData                       0x080017e4   Section        0  stm32f10x_spi.o(i.SPI_I2S_SendData)
    i.SPI_Init                               0x080017e8   Section        0  stm32f10x_spi.o(i.SPI_Init)
    i.SPI_WriteByte                          0x08001824   Section        0  spi.o(i.SPI_WriteByte)
    i.SVC_Handler                            0x08001846   Section        0  stm32f10x_it.o(i.SVC_Handler)
    i.SetSysClock                            0x08001848   Section        0  system_stm32f10x.o(i.SetSysClock)
    SetSysClock                              0x08001849   Thumb Code     8  system_stm32f10x.o(i.SetSysClock)
    i.SetSysClockTo72                        0x08001850   Section        0  system_stm32f10x.o(i.SetSysClockTo72)
    SetSysClockTo72                          0x08001851   Thumb Code   214  system_stm32f10x.o(i.SetSysClockTo72)
    i.StringCopy                             0x08001930   Section        0  stringoperation.o(i.StringCopy)
    i.StringInt                              0x08001948   Section        0  stringoperation.o(i.StringInt)
    i.StringReverse                          0x08001990   Section        0  stringoperation.o(i.StringReverse)
    i.SysTick_CLKSourceConfig                0x080019c4   Section        0  misc.o(i.SysTick_CLKSourceConfig)
    i.SysTick_Handler                        0x080019ec   Section        0  stm32f10x_it.o(i.SysTick_Handler)
    i.SystemInit                             0x080019f0   Section        0  system_stm32f10x.o(i.SystemInit)
    i.USART1_IRQHandler                      0x08001a50   Section        0  usart.o(i.USART1_IRQHandler)
    i.USART_Cmd                              0x08001ae8   Section        0  stm32f10x_usart.o(i.USART_Cmd)
    i.USART_GetITStatus                      0x08001b00   Section        0  stm32f10x_usart.o(i.USART_GetITStatus)
    i.USART_ITConfig                         0x08001b54   Section        0  stm32f10x_usart.o(i.USART_ITConfig)
    i.USART_Init                             0x08001ba0   Section        0  stm32f10x_usart.o(i.USART_Init)
    i.USART_ReceiveData                      0x08001c78   Section        0  stm32f10x_usart.o(i.USART_ReceiveData)
    i.UsageFault_Handler                     0x08001c82   Section        0  stm32f10x_it.o(i.UsageFault_Handler)
    i.VS_Get_DecodeTime                      0x08001c86   Section        0  vs10xx.o(i.VS_Get_DecodeTime)
    i.VS_Get_EndFillByte                     0x08001c96   Section        0  vs10xx.o(i.VS_Get_EndFillByte)
    i.VS_Get_HeadInfo                        0x08001ca4   Section        0  vs10xx.o(i.VS_Get_HeadInfo)
    i.VS_HD_Reset                            0x08001d50   Section        0  vs10xx.o(i.VS_HD_Reset)
    i.VS_Init                                0x08001da8   Section        0  vs10xx.o(i.VS_Init)
    i.VS_Load_Patch                          0x08001df4   Section        0  vs10xx.o(i.VS_Load_Patch)
    i.VS_RD_Reg                              0x08001e64   Section        0  vs10xx.o(i.VS_RD_Reg)
    i.VS_Reset_DecodeTime                    0x08001ec8   Section        0  vs10xx.o(i.VS_Reset_DecodeTime)
    i.VS_Restart_Play                        0x08001edc   Section        0  vs10xx.o(i.VS_Restart_Play)
    i.VS_SPI_ReadWriteByte                   0x08001f92   Section        0  vs10xx.o(i.VS_SPI_ReadWriteByte)
    i.VS_SPI_SpeedHigh                       0x08001f9e   Section        0  vs10xx.o(i.VS_SPI_SpeedHigh)
    i.VS_SPI_SpeedLow                        0x08001fa8   Section        0  vs10xx.o(i.VS_SPI_SpeedLow)
    i.VS_SPK_Set                             0x08001fb2   Section        0  vs10xx.o(i.VS_SPK_Set)
    i.VS_Send_MusicData                      0x08001fcc   Section        0  vs10xx.o(i.VS_Send_MusicData)
    i.VS_Set_All                             0x08002008   Section        0  vs10xx.o(i.VS_Set_All)
    i.VS_Set_Bass                            0x08002038   Section        0  vs10xx.o(i.VS_Set_Bass)
    i.VS_Set_Effect                          0x0800209e   Section        0  vs10xx.o(i.VS_Set_Effect)
    i.VS_Set_Vol                             0x080020d4   Section        0  vs10xx.o(i.VS_Set_Vol)
    i.VS_Soft_Reset                          0x080020fc   Section        0  vs10xx.o(i.VS_Soft_Reset)
    i.VS_WRAM_Read                           0x0800217c   Section        0  vs10xx.o(i.VS_WRAM_Read)
    i.VS_WRAM_Write                          0x08002194   Section        0  vs10xx.o(i.VS_WRAM_Write)
    i.VS_WR_Cmd                              0x080021bc   Section        0  vs10xx.o(i.VS_WR_Cmd)
    i.W25QXX_Erase_Sector                    0x08002210   Section        0  w25qxx.o(i.W25QXX_Erase_Sector)
    i.W25QXX_Init                            0x08002268   Section        0  w25qxx.o(i.W25QXX_Init)
    i.W25QXX_Read                            0x080022dc   Section        0  w25qxx.o(i.W25QXX_Read)
    i.W25QXX_ReadID                          0x0800232c   Section        0  w25qxx.o(i.W25QXX_ReadID)
    i.W25QXX_ReadSR                          0x08002374   Section        0  w25qxx.o(i.W25QXX_ReadSR)
    i.W25QXX_Wait_Busy                       0x080023a0   Section        0  w25qxx.o(i.W25QXX_Wait_Busy)
    i.W25QXX_Write                           0x080023b4   Section        0  w25qxx.o(i.W25QXX_Write)
    i.W25QXX_Write_Enable                    0x0800246c   Section        0  w25qxx.o(i.W25QXX_Write_Enable)
    i.W25QXX_Write_NoCheck                   0x0800248c   Section        0  w25qxx.o(i.W25QXX_Write_NoCheck)
    i.W25QXX_Write_Page                      0x080024d4   Section        0  w25qxx.o(i.W25QXX_Write_Page)
    i._sys_exit                              0x08002528   Section        0  usart.o(i._sys_exit)
    i.char_upper                             0x0800252e   Section        0  exfuns.o(i.char_upper)
    i.check_fs                               0x08002548   Section        0  ff.o(i.check_fs)
    check_fs                                 0x08002549   Thumb Code   140  ff.o(i.check_fs)
    i.chk_chr                                0x080025d8   Section        0  ff.o(i.chk_chr)
    chk_chr                                  0x080025d9   Thumb Code    20  ff.o(i.chk_chr)
    i.clmt_clust                             0x080025ec   Section        0  ff.o(i.clmt_clust)
    clmt_clust                               0x080025ed   Thumb Code    50  ff.o(i.clmt_clust)
    i.clust2sect                             0x0800261e   Section        0  ff.o(i.clust2sect)
    i.cmp_lfn                                0x08002638   Section        0  ff.o(i.cmp_lfn)
    cmp_lfn                                  0x08002639   Thumb Code   138  ff.o(i.cmp_lfn)
    i.create_chain                           0x080026c8   Section        0  ff.o(i.create_chain)
    create_chain                             0x080026c9   Thumb Code   214  ff.o(i.create_chain)
    i.create_name                            0x080027a0   Section        0  ff.o(i.create_name)
    create_name                              0x080027a1   Thumb Code   604  ff.o(i.create_name)
    i.delay_init                             0x08002a10   Section        0  delay.o(i.delay_init)
    i.delay_ms                               0x08002a54   Section        0  delay.o(i.delay_ms)
    i.delay_us                               0x08002aa0   Section        0  delay.o(i.delay_us)
    i.dir_alloc                              0x08002aec   Section        0  ff.o(i.dir_alloc)
    dir_alloc                                0x08002aed   Thumb Code    92  ff.o(i.dir_alloc)
    i.dir_find                               0x08002b48   Section        0  ff.o(i.dir_find)
    dir_find                                 0x08002b49   Thumb Code   234  ff.o(i.dir_find)
    i.dir_next                               0x08002c32   Section        0  ff.o(i.dir_next)
    dir_next                                 0x08002c33   Thumb Code   270  ff.o(i.dir_next)
    i.dir_read                               0x08002d40   Section        0  ff.o(i.dir_read)
    dir_read                                 0x08002d41   Thumb Code   198  ff.o(i.dir_read)
    i.dir_register                           0x08002e06   Section        0  ff.o(i.dir_register)
    dir_register                             0x08002e07   Thumb Code   298  ff.o(i.dir_register)
    i.dir_sdi                                0x08002f30   Section        0  ff.o(i.dir_sdi)
    i.disk_initialize                        0x08002fd0   Section        0  diskio.o(i.disk_initialize)
    i.disk_ioctl                             0x08003020   Section        0  diskio.o(i.disk_ioctl)
    i.disk_read                              0x080030a8   Section        0  diskio.o(i.disk_read)
    i.disk_status                            0x08003122   Section        0  diskio.o(i.disk_status)
    i.disk_write                             0x08003128   Section        0  diskio.o(i.disk_write)
    i.exf_getfree                            0x080031a2   Section        0  exfuns.o(i.exf_getfree)
    i.exfuns_init                            0x080031ec   Section        0  exfuns.o(i.exfuns_init)
    i.f_close                                0x08003270   Section        0  ff.o(i.f_close)
    i.f_getfree                              0x08003290   Section        0  ff.o(i.f_getfree)
    i.f_mount                                0x08003394   Section        0  ff.o(i.f_mount)
    i.f_open                                 0x080033f0   Section        0  ff.o(i.f_open)
    i.f_opendir                              0x08003570   Section        0  ff.o(i.f_opendir)
    i.f_read                                 0x080035f8   Section        0  ff.o(i.f_read)
    i.f_readdir                              0x080037a8   Section        0  ff.o(i.f_readdir)
    i.f_sync                                 0x0800381a   Section        0  ff.o(i.f_sync)
    i.f_typetell                             0x080038cc   Section        0  exfuns.o(i.f_typetell)
    i.ff_convert                             0x0800398c   Section        0  cc936.o(i.ff_convert)
    i.ff_memalloc                            0x08003a08   Section        0  diskio.o(i.ff_memalloc)
    i.ff_memfree                             0x08003a16   Section        0  diskio.o(i.ff_memfree)
    i.ff_wtoupper                            0x08003a24   Section        0  cc936.o(i.ff_wtoupper)
    i.find_volume                            0x08003a5c   Section        0  ff.o(i.find_volume)
    find_volume                              0x08003a5d   Thumb Code   900  ff.o(i.find_volume)
    i.fit_lfn                                0x08003df0   Section        0  ff.o(i.fit_lfn)
    fit_lfn                                  0x08003df1   Thumb Code   122  ff.o(i.fit_lfn)
    i.follow_path                            0x08003e70   Section        0  ff.o(i.follow_path)
    follow_path                              0x08003e71   Thumb Code   144  ff.o(i.follow_path)
    i.fputc                                  0x08003f00   Section        0  usart.o(i.fputc)
    i.gen_numname                            0x08003f1c   Section        0  ff.o(i.gen_numname)
    gen_numname                              0x08003f1d   Thumb Code   198  ff.o(i.gen_numname)
    i.get_fat                                0x08003fe8   Section        0  ff.o(i.get_fat)
    i.get_fattime                            0x080040da   Section        0  diskio.o(i.get_fattime)
    i.get_fileinfo                           0x080040de   Section        0  ff.o(i.get_fileinfo)
    get_fileinfo                             0x080040df   Thumb Code   272  ff.o(i.get_fileinfo)
    i.get_ldnumber                           0x080041ee   Section        0  ff.o(i.get_ldnumber)
    get_ldnumber                             0x080041ef   Thumb Code    74  ff.o(i.get_ldnumber)
    i.ld_clust                               0x08004238   Section        0  ff.o(i.ld_clust)
    ld_clust                                 0x08004239   Thumb Code    32  ff.o(i.ld_clust)
    i.main                                   0x08004258   Section        0  main.o(i.main)
    i.mem_cmp                                0x0800431c   Section        0  ff.o(i.mem_cmp)
    mem_cmp                                  0x0800431d   Thumb Code    38  ff.o(i.mem_cmp)
    i.mem_cpy                                0x08004342   Section        0  ff.o(i.mem_cpy)
    mem_cpy                                  0x08004343   Thumb Code    26  ff.o(i.mem_cpy)
    i.mem_set                                0x0800435c   Section        0  ff.o(i.mem_set)
    mem_set                                  0x0800435d   Thumb Code    20  ff.o(i.mem_set)
    i.move_window                            0x08004370   Section        0  ff.o(i.move_window)
    move_window                              0x08004371   Thumb Code    52  ff.o(i.move_window)
    i.mp3_get_tnum                           0x080043a4   Section        0  player.o(i.mp3_get_tnum)
    i.mp3_index_show                         0x08004418   Section        0  player.o(i.mp3_index_show)
    i.mp3_msg_show                           0x080044c0   Section        0  player.o(i.mp3_msg_show)
    i.mp3_play                               0x08004684   Section        0  player.o(i.mp3_play)
    i.mp3_play_song                          0x080048cc   Section        0  player.o(i.mp3_play_song)
    i.mp3_vol_show                           0x08004a40   Section        0  player.o(i.mp3_vol_show)
    i.my_mem_free                            0x08004aa4   Section        0  malloc.o(i.my_mem_free)
    i.my_mem_init                            0x08004b10   Section        0  malloc.o(i.my_mem_init)
    i.my_mem_malloc                          0x08004b54   Section        0  malloc.o(i.my_mem_malloc)
    i.my_mem_perused                         0x08004bfc   Section        0  malloc.o(i.my_mem_perused)
    i.myfree                                 0x08004c3c   Section        0  malloc.o(i.myfree)
    i.mymalloc                               0x08004c60   Section        0  malloc.o(i.mymalloc)
    i.mymemset                               0x08004c88   Section        0  malloc.o(i.mymemset)
    i.pick_lfn                               0x08004c9c   Section        0  ff.o(i.pick_lfn)
    pick_lfn                                 0x08004c9d   Thumb Code   112  ff.o(i.pick_lfn)
    i.put_fat                                0x08004d10   Section        0  ff.o(i.put_fat)
    i.remove_chain                           0x08004e52   Section        0  ff.o(i.remove_chain)
    remove_chain                             0x08004e53   Thumb Code   108  ff.o(i.remove_chain)
    i.st_clust                               0x08004ebe   Section        0  ff.o(i.st_clust)
    st_clust                                 0x08004ebf   Thumb Code    16  ff.o(i.st_clust)
    i.sum_sfn                                0x08004ece   Section        0  ff.o(i.sum_sfn)
    sum_sfn                                  0x08004ecf   Thumb Code    32  ff.o(i.sum_sfn)
    i.sync_fs                                0x08004eee   Section        0  ff.o(i.sync_fs)
    sync_fs                                  0x08004eef   Thumb Code   200  ff.o(i.sync_fs)
    i.sync_window                            0x08004fb6   Section        0  ff.o(i.sync_window)
    sync_window                              0x08004fb7   Thumb Code    82  ff.o(i.sync_window)
    i.uart_init                              0x08005008   Section        0  usart.o(i.uart_init)
    i.validate                               0x080050a8   Section        0  ff.o(i.validate)
    validate                                 0x080050a9   Thumb Code    54  ff.o(i.validate)
    .constdata                               0x080050de   Section       58  ff.o(.constdata)
    LfnOfs                                   0x080050de   Data          13  ff.o(.constdata)
    vst                                      0x080050ec   Data          22  ff.o(.constdata)
    cst                                      0x08005102   Data          22  ff.o(.constdata)
    .constdata                               0x08005118   Section      312  exfuns.o(.constdata)
    .constdata                               0x08005250   Section    175304  cc936.o(.constdata)
    uni2oem                                  0x08005250   Data       87172  cc936.o(.constdata)
    oem2uni                                  0x0801a6d4   Data       87172  cc936.o(.constdata)
    tbl_lower                                0x0802fb58   Data         480  cc936.o(.constdata)
    tbl_upper                                0x0802fd38   Data         480  cc936.o(.constdata)
    .constdata                               0x0802ff18   Section       64  vs10xx.o(.constdata)
    .constdata                               0x0802ff58   Section     6436  framebox.o(.constdata)
    .constdata                               0x0803187c   Section       24  malloc.o(.constdata)
    .constdata                               0x08031894   Section    10866  player.o(.constdata)
    .constdata                               0x08034306   Section       40  _printf_hex_int.o(.constdata)
    uc_hextab                                0x08034306   Data          20  _printf_hex_int.o(.constdata)
    lc_hextab                                0x0803431a   Data          20  _printf_hex_int.o(.constdata)
    .conststring                             0x08034330   Section      100  exfuns.o(.conststring)
    .data                                    0x20000000   Section       20  system_stm32f10x.o(.data)
    .data                                    0x20000014   Section       20  stm32f10x_rcc.o(.data)
    APBAHBPrescTable                         0x20000014   Data          16  stm32f10x_rcc.o(.data)
    ADCPrescTable                            0x20000024   Data           4  stm32f10x_rcc.o(.data)
    .data                                    0x20000028   Section        2  diskio.o(.data)
    .data                                    0x2000002c   Section       10  ff.o(.data)
    FatFs                                    0x2000002c   Data           8  ff.o(.data)
    Fsid                                     0x20000034   Data           2  ff.o(.data)
    .data                                    0x20000038   Section       28  exfuns.o(.data)
    .data                                    0x20000054   Section        4  delay.o(.data)
    fac_us                                   0x20000054   Data           1  delay.o(.data)
    fac_ms                                   0x20000056   Data           2  delay.o(.data)
    .data                                    0x20000058   Section        6  usart.o(.data)
    .data                                    0x2000005e   Section        2  w25qxx.o(.data)
    .data                                    0x20000060   Section        8  vs10xx.o(.data)
    .data                                    0x20000068   Section        4  framebox.o(.data)
    .data                                    0x2000006c   Section       28  malloc.o(.data)
    .data                                    0x20000088   Section        8  player.o(.data)
    playtime                                 0x2000008e   Data           2  player.o(.data)
    .bss                                     0x20000090   Section      200  usart.o(.bss)
    .bss                                     0x20000158   Section     4096  w25qxx.o(.bss)
    .bss                                     0x20001158   Section      888  microsd.o(.bss)
    .bss                                     0x200014d0   Section       14  lcd_2_0.o(.bss)
    .bss                                     0x200014de   Section      550  stringoperation.o(.bss)
    .bss                                     0x20001720   Section    43520  malloc.o(.bss)
    .bss                                     0x2000c120   Section       96  libspace.o(.bss)
    HEAP                                     0x2000c180   Section      512  startup_stm32f10x_hd.o(HEAP)
    Heap_Mem                                 0x2000c180   Data         512  startup_stm32f10x_hd.o(HEAP)
    STACK                                    0x2000c380   Section     1024  startup_stm32f10x_hd.o(STACK)
    Stack_Mem                                0x2000c380   Data        1024  startup_stm32f10x_hd.o(STACK)
    __initial_sp                             0x2000c780   Data           0  startup_stm32f10x_hd.o(STACK)
    .ARM.__AT_0x68000000                     0x68000000   Section       32  malloc.o(.ARM.__AT_0x68000000)
    .ARM.__AT_0x68000020                     0x68000020   Section        2  malloc.o(.ARM.__AT_0x68000020)

    Global Symbols

    Symbol Name                              Value     Ov Type        Size  Object(Section)

    BuildAttributes$$THM_ISAv4$P$D$K$B$S$PE$A:L22UL41UL21$X:L11$S22US41US21$IEEE1$IW$USESV6$~STKCKD$USESV7$~SHL$OSPACE$ROPI$EBA8$UX$STANDARDLIB$REQ8$PRES8$EABIv2 0x00000000   Number         0  anon$$obj.o ABSOLUTE
    __ARM_use_no_argv                        0x00000000   Number         0  main.o ABSOLUTE
    __ARM_exceptions_init                     - Undefined Weak Reference
    __alloca_initialize                       - Undefined Weak Reference
    __arm_preinit_                            - Undefined Weak Reference
    __cpp_initialize__aeabi_                  - Undefined Weak Reference
    __cxa_finalize                            - Undefined Weak Reference
    __rt_locale                               - Undefined Weak Reference
    __sigvec_lookup                           - Undefined Weak Reference
    _atexit_init                              - Undefined Weak Reference
    _call_atexit_fns                          - Undefined Weak Reference
    _clock_init                               - Undefined Weak Reference
    _fp_trap_init                             - Undefined Weak Reference
    _fp_trap_shutdown                         - Undefined Weak Reference
    _get_lc_collate                           - Undefined Weak Reference
    _get_lc_ctype                             - Undefined Weak Reference
    _get_lc_monetary                          - Undefined Weak Reference
    _get_lc_numeric                           - Undefined Weak Reference
    _get_lc_time                              - Undefined Weak Reference
    _getenv_init                              - Undefined Weak Reference
    _handle_redirection                       - Undefined Weak Reference
    _init_alloc                               - Undefined Weak Reference
    _init_user_alloc                          - Undefined Weak Reference
    _initio                                   - Undefined Weak Reference
    _mutex_acquire                            - Undefined Weak Reference
    _mutex_release                            - Undefined Weak Reference
    _printf_mbtowc                            - Undefined Weak Reference
    _printf_post_padding                      - Undefined Weak Reference
    _printf_pre_padding                       - Undefined Weak Reference
    _printf_truncate_signed                   - Undefined Weak Reference
    _printf_truncate_unsigned                 - Undefined Weak Reference
    _rand_init                                - Undefined Weak Reference
    _signal_finish                            - Undefined Weak Reference
    _signal_init                              - Undefined Weak Reference
    _terminate_alloc                          - Undefined Weak Reference
    _terminate_user_alloc                     - Undefined Weak Reference
    _terminateio                              - Undefined Weak Reference
    __Vectors_Size                           0x00000130   Number         0  startup_stm32f10x_hd.o ABSOLUTE
    __Vectors                                0x08000000   Data           4  startup_stm32f10x_hd.o(RESET)
    __Vectors_End                            0x08000130   Data           0  startup_stm32f10x_hd.o(RESET)
    __main                                   0x08000131   Thumb Code     8  __main.o(!!!main)
    __scatterload                            0x08000139   Thumb Code     0  __scatter.o(!!!scatter)
    __scatterload_rt2                        0x08000139   Thumb Code    44  __scatter.o(!!!scatter)
    __scatterload_rt2_thumb_only             0x08000139   Thumb Code     0  __scatter.o(!!!scatter)
    __scatterload_null                       0x08000147   Thumb Code     0  __scatter.o(!!!scatter)
    __scatterload_copy                       0x0800016d   Thumb Code    26  __scatter_copy.o(!!handler_copy)
    __scatterload_zeroinit                   0x08000189   Thumb Code    28  __scatter_zi.o(!!handler_zi)
    _printf_d                                0x080001a5   Thumb Code     0  _printf_d.o(.ARM.Collect$$_printf_percent$$00000009)
    _printf_percent                          0x080001a5   Thumb Code     0  _printf_percent.o(.ARM.Collect$$_printf_percent$$00000000)
    _printf_x                                0x080001ab   Thumb Code     0  _printf_x.o(.ARM.Collect$$_printf_percent$$0000000C)
    _printf_percent_end                      0x080001b1   Thumb Code     0  _printf_percent_end.o(.ARM.Collect$$_printf_percent$$00000017)
    __rt_lib_init                            0x080001b5   Thumb Code     0  libinit.o(.ARM.Collect$$libinit$$00000000)
    __rt_lib_init_alloca_1                   0x080001b7   Thumb Code     0  libinit2.o(.ARM.Collect$$libinit$$0000002E)
    __rt_lib_init_argv_1                     0x080001b7   Thumb Code     0  libinit2.o(.ARM.Collect$$libinit$$0000002C)
    __rt_lib_init_atexit_1                   0x080001b7   Thumb Code     0  libinit2.o(.ARM.Collect$$libinit$$0000001B)
    __rt_lib_init_clock_1                    0x080001b7   Thumb Code     0  libinit2.o(.ARM.Collect$$libinit$$00000021)
    __rt_lib_init_cpp_1                      0x080001b7   Thumb Code     0  libinit2.o(.ARM.Collect$$libinit$$00000032)
    __rt_lib_init_exceptions_1               0x080001b7   Thumb Code     0  libinit2.o(.ARM.Collect$$libinit$$00000030)
    __rt_lib_init_fp_1                       0x080001b7   Thumb Code     0  libinit2.o(.ARM.Collect$$libinit$$00000002)
    __rt_lib_init_fp_trap_1                  0x080001b7   Thumb Code     0  libinit2.o(.ARM.Collect$$libinit$$0000001F)
    __rt_lib_init_getenv_1                   0x080001b7   Thumb Code     0  libinit2.o(.ARM.Collect$$libinit$$00000023)
    __rt_lib_init_heap_1                     0x080001b7   Thumb Code     0  libinit2.o(.ARM.Collect$$libinit$$0000000A)
    __rt_lib_init_lc_collate_1               0x080001b7   Thumb Code     0  libinit2.o(.ARM.Collect$$libinit$$00000011)
    __rt_lib_init_lc_ctype_1                 0x080001b7   Thumb Code     0  libinit2.o(.ARM.Collect$$libinit$$00000013)
    __rt_lib_init_lc_monetary_1              0x080001b7   Thumb Code     0  libinit2.o(.ARM.Collect$$libinit$$00000015)
    __rt_lib_init_lc_numeric_1               0x080001b7   Thumb Code     0  libinit2.o(.ARM.Collect$$libinit$$00000017)
    __rt_lib_init_lc_time_1                  0x080001b7   Thumb Code     0  libinit2.o(.ARM.Collect$$libinit$$00000019)
    __rt_lib_init_preinit_1                  0x080001b7   Thumb Code     0  libinit2.o(.ARM.Collect$$libinit$$00000004)
    __rt_lib_init_rand_1                     0x080001b7   Thumb Code     0  libinit2.o(.ARM.Collect$$libinit$$0000000E)
    __rt_lib_init_return                     0x080001b7   Thumb Code     0  libinit2.o(.ARM.Collect$$libinit$$00000033)
    __rt_lib_init_signal_1                   0x080001b7   Thumb Code     0  libinit2.o(.ARM.Collect$$libinit$$0000001D)
    __rt_lib_init_stdio_1                    0x080001b7   Thumb Code     0  libinit2.o(.ARM.Collect$$libinit$$00000025)
    __rt_lib_init_user_alloc_1               0x080001b7   Thumb Code     0  libinit2.o(.ARM.Collect$$libinit$$0000000C)
    __rt_lib_shutdown                        0x080001b9   Thumb Code     0  libshutdown.o(.ARM.Collect$$libshutdown$$00000000)
    __rt_lib_shutdown_fp_trap_1              0x080001bb   Thumb Code     0  libshutdown2.o(.ARM.Collect$$libshutdown$$00000006)
    __rt_lib_shutdown_heap_1                 0x080001bb   Thumb Code     0  libshutdown2.o(.ARM.Collect$$libshutdown$$0000000E)
    __rt_lib_shutdown_return                 0x080001bb   Thumb Code     0  libshutdown2.o(.ARM.Collect$$libshutdown$$0000000F)
    __rt_lib_shutdown_signal_1               0x080001bb   Thumb Code     0  libshutdown2.o(.ARM.Collect$$libshutdown$$00000009)
    __rt_lib_shutdown_stdio_1                0x080001bb   Thumb Code     0  libshutdown2.o(.ARM.Collect$$libshutdown$$00000003)
    __rt_lib_shutdown_user_alloc_1           0x080001bb   Thumb Code     0  libshutdown2.o(.ARM.Collect$$libshutdown$$0000000B)
    __rt_entry                               0x080001bd   Thumb Code     0  __rtentry.o(.ARM.Collect$$rtentry$$00000000)
    __rt_entry_presh_1                       0x080001bd   Thumb Code     0  __rtentry2.o(.ARM.Collect$$rtentry$$00000002)
    __rt_entry_sh                            0x080001bd   Thumb Code     0  __rtentry4.o(.ARM.Collect$$rtentry$$00000004)
    __rt_entry_li                            0x080001c3   Thumb Code     0  __rtentry2.o(.ARM.Collect$$rtentry$$0000000A)
    __rt_entry_postsh_1                      0x080001c3   Thumb Code     0  __rtentry2.o(.ARM.Collect$$rtentry$$00000009)
    __rt_entry_main                          0x080001c7   Thumb Code     0  __rtentry2.o(.ARM.Collect$$rtentry$$0000000D)
    __rt_entry_postli_1                      0x080001c7   Thumb Code     0  __rtentry2.o(.ARM.Collect$$rtentry$$0000000C)
    __rt_exit                                0x080001cf   Thumb Code     0  rtexit.o(.ARM.Collect$$rtexit$$00000000)
    __rt_exit_ls                             0x080001d1   Thumb Code     0  rtexit2.o(.ARM.Collect$$rtexit$$00000003)
    __rt_exit_prels_1                        0x080001d1   Thumb Code     0  rtexit2.o(.ARM.Collect$$rtexit$$00000002)
    __rt_exit_exit                           0x080001d5   Thumb Code     0  rtexit2.o(.ARM.Collect$$rtexit$$00000004)
    Reset_Handler                            0x080001dd   Thumb Code     8  startup_stm32f10x_hd.o(.text)
    ADC1_2_IRQHandler                        0x080001f7   Thumb Code     0  startup_stm32f10x_hd.o(.text)
    ADC3_IRQHandler                          0x080001f7   Thumb Code     0  startup_stm32f10x_hd.o(.text)
    CAN1_RX1_IRQHandler                      0x080001f7   Thumb Code     0  startup_stm32f10x_hd.o(.text)
    CAN1_SCE_IRQHandler                      0x080001f7   Thumb Code     0  startup_stm32f10x_hd.o(.text)
    DMA1_Channel1_IRQHandler                 0x080001f7   Thumb Code     0  startup_stm32f10x_hd.o(.text)
    DMA1_Channel2_IRQHandler                 0x080001f7   Thumb Code     0  startup_stm32f10x_hd.o(.text)
    DMA1_Channel3_IRQHandler                 0x080001f7   Thumb Code     0  startup_stm32f10x_hd.o(.text)
    DMA1_Channel4_IRQHandler                 0x080001f7   Thumb Code     0  startup_stm32f10x_hd.o(.text)
    DMA1_Channel5_IRQHandler                 0x080001f7   Thumb Code     0  startup_stm32f10x_hd.o(.text)
    DMA1_Channel6_IRQHandler                 0x080001f7   Thumb Code     0  startup_stm32f10x_hd.o(.text)
    DMA1_Channel7_IRQHandler                 0x080001f7   Thumb Code     0  startup_stm32f10x_hd.o(.text)
    DMA2_Channel1_IRQHandler                 0x080001f7   Thumb Code     0  startup_stm32f10x_hd.o(.text)
    DMA2_Channel2_IRQHandler                 0x080001f7   Thumb Code     0  startup_stm32f10x_hd.o(.text)
    DMA2_Channel3_IRQHandler                 0x080001f7   Thumb Code     0  startup_stm32f10x_hd.o(.text)
    DMA2_Channel4_5_IRQHandler               0x080001f7   Thumb Code     0  startup_stm32f10x_hd.o(.text)
    EXTI0_IRQHandler                         0x080001f7   Thumb Code     0  startup_stm32f10x_hd.o(.text)
    EXTI15_10_IRQHandler                     0x080001f7   Thumb Code     0  startup_stm32f10x_hd.o(.text)
    EXTI1_IRQHandler                         0x080001f7   Thumb Code     0  startup_stm32f10x_hd.o(.text)
    EXTI2_IRQHandler                         0x080001f7   Thumb Code     0  startup_stm32f10x_hd.o(.text)
    EXTI3_IRQHandler                         0x080001f7   Thumb Code     0  startup_stm32f10x_hd.o(.text)
    EXTI4_IRQHandler                         0x080001f7   Thumb Code     0  startup_stm32f10x_hd.o(.text)
    EXTI9_5_IRQHandler                       0x080001f7   Thumb Code     0  startup_stm32f10x_hd.o(.text)
    FLASH_IRQHandler                         0x080001f7   Thumb Code     0  startup_stm32f10x_hd.o(.text)
    FSMC_IRQHandler                          0x080001f7   Thumb Code     0  startup_stm32f10x_hd.o(.text)
    I2C1_ER_IRQHandler                       0x080001f7   Thumb Code     0  startup_stm32f10x_hd.o(.text)
    I2C1_EV_IRQHandler                       0x080001f7   Thumb Code     0  startup_stm32f10x_hd.o(.text)
    I2C2_ER_IRQHandler                       0x080001f7   Thumb Code     0  startup_stm32f10x_hd.o(.text)
    I2C2_EV_IRQHandler                       0x080001f7   Thumb Code     0  startup_stm32f10x_hd.o(.text)
    PVD_IRQHandler                           0x080001f7   Thumb Code     0  startup_stm32f10x_hd.o(.text)
    RCC_IRQHandler                           0x080001f7   Thumb Code     0  startup_stm32f10x_hd.o(.text)
    RTCAlarm_IRQHandler                      0x080001f7   Thumb Code     0  startup_stm32f10x_hd.o(.text)
    RTC_IRQHandler                           0x080001f7   Thumb Code     0  startup_stm32f10x_hd.o(.text)
    SDIO_IRQHandler                          0x080001f7   Thumb Code     0  startup_stm32f10x_hd.o(.text)
    SPI1_IRQHandler                          0x080001f7   Thumb Code     0  startup_stm32f10x_hd.o(.text)
    SPI2_IRQHandler                          0x080001f7   Thumb Code     0  startup_stm32f10x_hd.o(.text)
    SPI3_IRQHandler                          0x080001f7   Thumb Code     0  startup_stm32f10x_hd.o(.text)
    TAMPER_IRQHandler                        0x080001f7   Thumb Code     0  startup_stm32f10x_hd.o(.text)
    TIM1_BRK_IRQHandler                      0x080001f7   Thumb Code     0  startup_stm32f10x_hd.o(.text)
    TIM1_CC_IRQHandler                       0x080001f7   Thumb Code     0  startup_stm32f10x_hd.o(.text)
    TIM1_TRG_COM_IRQHandler                  0x080001f7   Thumb Code     0  startup_stm32f10x_hd.o(.text)
    TIM1_UP_IRQHandler                       0x080001f7   Thumb Code     0  startup_stm32f10x_hd.o(.text)
    TIM2_IRQHandler                          0x080001f7   Thumb Code     0  startup_stm32f10x_hd.o(.text)
    TIM3_IRQHandler                          0x080001f7   Thumb Code     0  startup_stm32f10x_hd.o(.text)
    TIM4_IRQHandler                          0x080001f7   Thumb Code     0  startup_stm32f10x_hd.o(.text)
    TIM5_IRQHandler                          0x080001f7   Thumb Code     0  startup_stm32f10x_hd.o(.text)
    TIM6_IRQHandler                          0x080001f7   Thumb Code     0  startup_stm32f10x_hd.o(.text)
    TIM7_IRQHandler                          0x080001f7   Thumb Code     0  startup_stm32f10x_hd.o(.text)
    TIM8_BRK_IRQHandler                      0x080001f7   Thumb Code     0  startup_stm32f10x_hd.o(.text)
    TIM8_CC_IRQHandler                       0x080001f7   Thumb Code     0  startup_stm32f10x_hd.o(.text)
    TIM8_TRG_COM_IRQHandler                  0x080001f7   Thumb Code     0  startup_stm32f10x_hd.o(.text)
    TIM8_UP_IRQHandler                       0x080001f7   Thumb Code     0  startup_stm32f10x_hd.o(.text)
    UART4_IRQHandler                         0x080001f7   Thumb Code     0  startup_stm32f10x_hd.o(.text)
    UART5_IRQHandler                         0x080001f7   Thumb Code     0  startup_stm32f10x_hd.o(.text)
    USART2_IRQHandler                        0x080001f7   Thumb Code     0  startup_stm32f10x_hd.o(.text)
    USART3_IRQHandler                        0x080001f7   Thumb Code     0  startup_stm32f10x_hd.o(.text)
    USBWakeUp_IRQHandler                     0x080001f7   Thumb Code     0  startup_stm32f10x_hd.o(.text)
    USB_HP_CAN1_TX_IRQHandler                0x080001f7   Thumb Code     0  startup_stm32f10x_hd.o(.text)
    USB_LP_CAN1_RX0_IRQHandler               0x080001f7   Thumb Code     0  startup_stm32f10x_hd.o(.text)
    WWDG_IRQHandler                          0x080001f7   Thumb Code     0  startup_stm32f10x_hd.o(.text)
    __user_initial_stackheap                 0x080001f9   Thumb Code     0  startup_stm32f10x_hd.o(.text)
    __use_no_semihosting                     0x0800021d   Thumb Code     2  use_no_semi_2.o(.text)
    __2printf                                0x08000221   Thumb Code    20  noretval__2printf.o(.text)
    __printf                                 0x08000239   Thumb Code   104  __printf.o(.text)
    _printf_int_dec                          0x080002a1   Thumb Code   104  _printf_dec.o(.text)
    _printf_int_hex                          0x08000319   Thumb Code    84  _printf_hex_int.o(.text)
    _printf_longlong_hex                     0x08000319   Thumb Code     0  _printf_hex_int.o(.text)
    strcpy                                   0x08000371   Thumb Code    72  strcpy.o(.text)
    strcat                                   0x080003b9   Thumb Code    24  strcat.o(.text)
    strcmp                                   0x080003d1   Thumb Code   128  strcmpv7m.o(.text)
    __use_two_region_memory                  0x08000451   Thumb Code     2  heapauxi.o(.text)
    __rt_heap_escrow$2region                 0x08000453   Thumb Code     2  heapauxi.o(.text)
    __rt_heap_expand$2region                 0x08000455   Thumb Code     2  heapauxi.o(.text)
    __I$use$semihosting                      0x08000457   Thumb Code     0  use_no_semi.o(.text)
    __use_no_semihosting_swi                 0x08000457   Thumb Code     2  use_no_semi.o(.text)
    _printf_int_common                       0x08000459   Thumb Code   178  _printf_intcommon.o(.text)
    _printf_char_file                        0x0800050d   Thumb Code    32  _printf_char_file.o(.text)
    _printf_char_common                      0x0800053b   Thumb Code    32  _printf_char_common.o(.text)
    ferror                                   0x08000561   Thumb Code     8  ferror.o(.text)
    __user_setup_stackheap                   0x08000569   Thumb Code    74  sys_stackheap_outer.o(.text)
    exit                                     0x080005b3   Thumb Code    12  exit.o(.text)
    __user_libspace                          0x080005c1   Thumb Code     8  libspace.o(.text)
    __user_perproc_libspace                  0x080005c1   Thumb Code     0  libspace.o(.text)
    __user_perthread_libspace                0x080005c1   Thumb Code     0  libspace.o(.text)
    BusFault_Handler                         0x080005c9   Thumb Code     4  stm32f10x_it.o(i.BusFault_Handler)
    DebugMon_Handler                         0x080005cd   Thumb Code     2  stm32f10x_it.o(i.DebugMon_Handler)
    FrameClear                               0x080005d1   Thumb Code    44  framebox.o(i.FrameClear)
    FrameDrawLine                            0x08000601   Thumb Code   176  framebox.o(i.FrameDrawLine)
    FrameFull                                0x080006b1   Thumb Code    76  framebox.o(i.FrameFull)
    FrameShowChar                            0x080006fd   Thumb Code   158  framebox.o(i.FrameShowChar)
    FrameShowString                          0x080007a5   Thumb Code   122  framebox.o(i.FrameShowString)
    FrameStart                               0x08000821   Thumb Code   110  framebox.o(i.FrameStart)
    GPIO_Init                                0x0800089d   Thumb Code   278  stm32f10x_gpio.o(i.GPIO_Init)
    GPIO_ReadInputDataBit                    0x080009b3   Thumb Code    18  stm32f10x_gpio.o(i.GPIO_ReadInputDataBit)
    GPIO_ResetBits                           0x080009c5   Thumb Code     4  stm32f10x_gpio.o(i.GPIO_ResetBits)
    GPIO_SetBits                             0x080009c9   Thumb Code     4  stm32f10x_gpio.o(i.GPIO_SetBits)
    GetKeyCilk                               0x080009cd   Thumb Code    94  key.o(i.GetKeyCilk)
    HardFault_Handler                        0x08000a35   Thumb Code     4  stm32f10x_it.o(i.HardFault_Handler)
    KeyInit                                  0x08000a39   Thumb Code    80  key.o(i.KeyInit)
    LCD_Clear                                0x08000a91   Thumb Code    58  lcd_2_0.o(i.LCD_Clear)
    LCD_GPIOInit                             0x08000ad1   Thumb Code    70  lcd_2_0.o(i.LCD_GPIOInit)
    LCD_Init                                 0x08000b21   Thumb Code   566  lcd_2_0.o(i.LCD_Init)
    LCD_SetCursor                            0x08000d5d   Thumb Code    40  lcd_2_0.o(i.LCD_SetCursor)
    LCD_SetParam                             0x08000d89   Thumb Code    60  lcd_2_0.o(i.LCD_SetParam)
    LCD_SetWindows                           0x08000dc9   Thumb Code    72  lcd_2_0.o(i.LCD_SetWindows)
    LCD_WR_DATA                              0x08000e15   Thumb Code    50  lcd_2_0.o(i.LCD_WR_DATA)
    LCD_WR_REG                               0x08000e55   Thumb Code    54  lcd_2_0.o(i.LCD_WR_REG)
    LCD_WriteRAM_Prepare                     0x08000e99   Thumb Code    12  lcd_2_0.o(i.LCD_WriteRAM_Prepare)
    LCD_WriteReg                             0x08000ea9   Thumb Code    20  lcd_2_0.o(i.LCD_WriteReg)
    MemManage_Handler                        0x08000ebd   Thumb Code     4  stm32f10x_it.o(i.MemManage_Handler)
    MicroSDDisSelect                         0x08000ec1   Thumb Code    18  microsd.o(i.MicroSDDisSelect)
    MicroSDGPIOInit                          0x08000ed9   Thumb Code    46  microsd.o(i.MicroSDGPIOInit)
    MicroSDGetCSD                            0x08000f0d   Thumb Code    42  microsd.o(i.MicroSDGetCSD)
    MicroSDGetResponse                       0x08000f37   Thumb Code    38  microsd.o(i.MicroSDGetResponse)
    MicroSDGetSectorCount                    0x08000f5d   Thumb Code   118  microsd.o(i.MicroSDGetSectorCount)
    MicroSDInit                              0x08000fd5   Thumb Code   426  microsd.o(i.MicroSDInit)
    MicroSDReadDisk                          0x080011d5   Thumb Code   114  microsd.o(i.MicroSDReadDisk)
    MicroSDRecvData                          0x0800124d   Thumb Code    56  microsd.o(i.MicroSDRecvData)
    MicroSDSendBlock                         0x08001285   Thumb Code    82  microsd.o(i.MicroSDSendBlock)
    MicroSDSendCmd                           0x080012d9   Thumb Code   108  microsd.o(i.MicroSDSendCmd)
    MicroSDWaitReady                         0x08001349   Thumb Code    34  microsd.o(i.MicroSDWaitReady)
    MicroSDWriteDisk                         0x0800136d   Thumb Code   144  microsd.o(i.MicroSDWriteDisk)
    NMI_Handler                              0x08001401   Thumb Code     2  stm32f10x_it.o(i.NMI_Handler)
    NVIC_Init                                0x08001405   Thumb Code   100  misc.o(i.NVIC_Init)
    NVIC_PriorityGroupConfig                 0x08001475   Thumb Code    10  misc.o(i.NVIC_PriorityGroupConfig)
    PendSV_Handler                           0x08001489   Thumb Code     2  stm32f10x_it.o(i.PendSV_Handler)
    RCC_APB1PeriphClockCmd                   0x0800148d   Thumb Code    26  stm32f10x_rcc.o(i.RCC_APB1PeriphClockCmd)
    RCC_APB2PeriphClockCmd                   0x080014ad   Thumb Code    26  stm32f10x_rcc.o(i.RCC_APB2PeriphClockCmd)
    RCC_GetClocksFreq                        0x080014cd   Thumb Code   192  stm32f10x_rcc.o(i.RCC_GetClocksFreq)
    SPI1_Init                                0x080015a1   Thumb Code   136  spi.o(i.SPI1_Init)
    SPI1_ReadWriteByte                       0x08001631   Thumb Code    78  spi.o(i.SPI1_ReadWriteByte)
    SPI1_SetSpeed                            0x08001685   Thumb Code    36  spi.o(i.SPI1_SetSpeed)
    SPI2_Init                                0x080016ad   Thumb Code   132  spi.o(i.SPI2_Init)
    SPI2_ReadWriteByte                       0x08001739   Thumb Code    78  spi.o(i.SPI2_ReadWriteByte)
    SPI2_SetSpeed                            0x0800178d   Thumb Code    36  spi.o(i.SPI2_SetSpeed)
    SPI_Cmd                                  0x080017b5   Thumb Code    24  stm32f10x_spi.o(i.SPI_Cmd)
    SPI_I2S_GetFlagStatus                    0x080017cd   Thumb Code    18  stm32f10x_spi.o(i.SPI_I2S_GetFlagStatus)
    SPI_I2S_ReceiveData                      0x080017df   Thumb Code     6  stm32f10x_spi.o(i.SPI_I2S_ReceiveData)
    SPI_I2S_SendData                         0x080017e5   Thumb Code     4  stm32f10x_spi.o(i.SPI_I2S_SendData)
    SPI_Init                                 0x080017e9   Thumb Code    60  stm32f10x_spi.o(i.SPI_Init)
    SPI_WriteByte                            0x08001825   Thumb Code    34  spi.o(i.SPI_WriteByte)
    SVC_Handler                              0x08001847   Thumb Code     2  stm32f10x_it.o(i.SVC_Handler)
    StringCopy                               0x08001931   Thumb Code    24  stringoperation.o(i.StringCopy)
    StringInt                                0x08001949   Thumb Code    68  stringoperation.o(i.StringInt)
    StringReverse                            0x08001991   Thumb Code    48  stringoperation.o(i.StringReverse)
    SysTick_CLKSourceConfig                  0x080019c5   Thumb Code    40  misc.o(i.SysTick_CLKSourceConfig)
    SysTick_Handler                          0x080019ed   Thumb Code     2  stm32f10x_it.o(i.SysTick_Handler)
    SystemInit                               0x080019f1   Thumb Code    78  system_stm32f10x.o(i.SystemInit)
    USART1_IRQHandler                        0x08001a51   Thumb Code   138  usart.o(i.USART1_IRQHandler)
    USART_Cmd                                0x08001ae9   Thumb Code    24  stm32f10x_usart.o(i.USART_Cmd)
    USART_GetITStatus                        0x08001b01   Thumb Code    84  stm32f10x_usart.o(i.USART_GetITStatus)
    USART_ITConfig                           0x08001b55   Thumb Code    74  stm32f10x_usart.o(i.USART_ITConfig)
    USART_Init                               0x08001ba1   Thumb Code   210  stm32f10x_usart.o(i.USART_Init)
    USART_ReceiveData                        0x08001c79   Thumb Code    10  stm32f10x_usart.o(i.USART_ReceiveData)
    UsageFault_Handler                       0x08001c83   Thumb Code     4  stm32f10x_it.o(i.UsageFault_Handler)
    VS_Get_DecodeTime                        0x08001c87   Thumb Code    16  vs10xx.o(i.VS_Get_DecodeTime)
    VS_Get_EndFillByte                       0x08001c97   Thumb Code    12  vs10xx.o(i.VS_Get_EndFillByte)
    VS_Get_HeadInfo                          0x08001ca5   Thumb Code   166  vs10xx.o(i.VS_Get_HeadInfo)
    VS_HD_Reset                              0x08001d51   Thumb Code    78  vs10xx.o(i.VS_HD_Reset)
    VS_Init                                  0x08001da9   Thumb Code    70  vs10xx.o(i.VS_Init)
    VS_Load_Patch                            0x08001df5   Thumb Code   112  vs10xx.o(i.VS_Load_Patch)
    VS_RD_Reg                                0x08001e65   Thumb Code    90  vs10xx.o(i.VS_RD_Reg)
    VS_Reset_DecodeTime                      0x08001ec9   Thumb Code    20  vs10xx.o(i.VS_Reset_DecodeTime)
    VS_Restart_Play                          0x08001edd   Thumb Code   182  vs10xx.o(i.VS_Restart_Play)
    VS_SPI_ReadWriteByte                     0x08001f93   Thumb Code    12  vs10xx.o(i.VS_SPI_ReadWriteByte)
    VS_SPI_SpeedHigh                         0x08001f9f   Thumb Code    10  vs10xx.o(i.VS_SPI_SpeedHigh)
    VS_SPI_SpeedLow                          0x08001fa9   Thumb Code    10  vs10xx.o(i.VS_SPI_SpeedLow)
    VS_SPK_Set                               0x08001fb3   Thumb Code    26  vs10xx.o(i.VS_SPK_Set)
    VS_Send_MusicData                        0x08001fcd   Thumb Code    54  vs10xx.o(i.VS_Send_MusicData)
    VS_Set_All                               0x08002009   Thumb Code    42  vs10xx.o(i.VS_Set_All)
    VS_Set_Bass                              0x08002039   Thumb Code   102  vs10xx.o(i.VS_Set_Bass)
    VS_Set_Effect                            0x0800209f   Thumb Code    54  vs10xx.o(i.VS_Set_Effect)
    VS_Set_Vol                               0x080020d5   Thumb Code    38  vs10xx.o(i.VS_Set_Vol)
    VS_Soft_Reset                            0x080020fd   Thumb Code   124  vs10xx.o(i.VS_Soft_Reset)
    VS_WRAM_Read                             0x0800217d   Thumb Code    24  vs10xx.o(i.VS_WRAM_Read)
    VS_WRAM_Write                            0x08002195   Thumb Code    34  vs10xx.o(i.VS_WRAM_Write)
    VS_WR_Cmd                                0x080021bd   Thumb Code    74  vs10xx.o(i.VS_WR_Cmd)
    W25QXX_Erase_Sector                      0x08002211   Thumb Code    70  w25qxx.o(i.W25QXX_Erase_Sector)
    W25QXX_Init                              0x08002269   Thumb Code    80  w25qxx.o(i.W25QXX_Init)
    W25QXX_Read                              0x080022dd   Thumb Code    74  w25qxx.o(i.W25QXX_Read)
    W25QXX_ReadID                            0x0800232d   Thumb Code    64  w25qxx.o(i.W25QXX_ReadID)
    W25QXX_ReadSR                            0x08002375   Thumb Code    36  w25qxx.o(i.W25QXX_ReadSR)
    W25QXX_Wait_Busy                         0x080023a1   Thumb Code    18  w25qxx.o(i.W25QXX_Wait_Busy)
    W25QXX_Write                             0x080023b5   Thumb Code   180  w25qxx.o(i.W25QXX_Write)
    W25QXX_Write_Enable                      0x0800246d   Thumb Code    24  w25qxx.o(i.W25QXX_Write_Enable)
    W25QXX_Write_NoCheck                     0x0800248d   Thumb Code    70  w25qxx.o(i.W25QXX_Write_NoCheck)
    W25QXX_Write_Page                        0x080024d5   Thumb Code    80  w25qxx.o(i.W25QXX_Write_Page)
    _sys_exit                                0x08002529   Thumb Code     6  usart.o(i._sys_exit)
    char_upper                               0x0800252f   Thumb Code    26  exfuns.o(i.char_upper)
    clust2sect                               0x0800261f   Thumb Code    26  ff.o(i.clust2sect)
    delay_init                               0x08002a11   Thumb Code    50  delay.o(i.delay_init)
    delay_ms                                 0x08002a55   Thumb Code    72  delay.o(i.delay_ms)
    delay_us                                 0x08002aa1   Thumb Code    72  delay.o(i.delay_us)
    dir_sdi                                  0x08002f31   Thumb Code   158  ff.o(i.dir_sdi)
    disk_initialize                          0x08002fd1   Thumb Code    58  diskio.o(i.disk_initialize)
    disk_ioctl                               0x08003021   Thumb Code   132  diskio.o(i.disk_ioctl)
    disk_read                                0x080030a9   Thumb Code   122  diskio.o(i.disk_read)
    disk_status                              0x08003123   Thumb Code     6  diskio.o(i.disk_status)
    disk_write                               0x08003129   Thumb Code   122  diskio.o(i.disk_write)
    exf_getfree                              0x080031a3   Thumb Code    74  exfuns.o(i.exf_getfree)
    exfuns_init                              0x080031ed   Thumb Code   114  exfuns.o(i.exfuns_init)
    f_close                                  0x08003271   Thumb Code    32  ff.o(i.f_close)
    f_getfree                                0x08003291   Thumb Code   258  ff.o(i.f_getfree)
    f_mount                                  0x08003395   Thumb Code    86  ff.o(i.f_mount)
    f_open                                   0x080033f1   Thumb Code   384  ff.o(i.f_open)
    f_opendir                                0x08003571   Thumb Code   136  ff.o(i.f_opendir)
    f_read                                   0x080035f9   Thumb Code   432  ff.o(i.f_read)
    f_readdir                                0x080037a9   Thumb Code   114  ff.o(i.f_readdir)
    f_sync                                   0x0800381b   Thumb Code   176  ff.o(i.f_sync)
    f_typetell                               0x080038cd   Thumb Code   188  exfuns.o(i.f_typetell)
    ff_convert                               0x0800398d   Thumb Code   116  cc936.o(i.ff_convert)
    ff_memalloc                              0x08003a09   Thumb Code    14  diskio.o(i.ff_memalloc)
    ff_memfree                               0x08003a17   Thumb Code    14  diskio.o(i.ff_memfree)
    ff_wtoupper                              0x08003a25   Thumb Code    46  cc936.o(i.ff_wtoupper)
    fputc                                    0x08003f01   Thumb Code    24  usart.o(i.fputc)
    get_fat                                  0x08003fe9   Thumb Code   242  ff.o(i.get_fat)
    get_fattime                              0x080040db   Thumb Code     4  diskio.o(i.get_fattime)
    main                                     0x08004259   Thumb Code   130  main.o(i.main)
    mp3_get_tnum                             0x080043a5   Thumb Code   116  player.o(i.mp3_get_tnum)
    mp3_index_show                           0x08004419   Thumb Code   122  player.o(i.mp3_index_show)
    mp3_msg_show                             0x080044c1   Thumb Code   376  player.o(i.mp3_msg_show)
    mp3_play                                 0x08004685   Thumb Code   490  player.o(i.mp3_play)
    mp3_play_song                            0x080048cd   Thumb Code   358  player.o(i.mp3_play_song)
    mp3_vol_show                             0x08004a41   Thumb Code    66  player.o(i.mp3_vol_show)
    my_mem_free                              0x08004aa5   Thumb Code    96  malloc.o(i.my_mem_free)
    my_mem_init                              0x08004b11   Thumb Code    54  malloc.o(i.my_mem_init)
    my_mem_malloc                            0x08004b55   Thumb Code   156  malloc.o(i.my_mem_malloc)
    my_mem_perused                           0x08004bfd   Thumb Code    54  malloc.o(i.my_mem_perused)
    myfree                                   0x08004c3d   Thumb Code    30  malloc.o(i.myfree)
    mymalloc                                 0x08004c61   Thumb Code    34  malloc.o(i.mymalloc)
    mymemset                                 0x08004c89   Thumb Code    20  malloc.o(i.mymemset)
    put_fat                                  0x08004d11   Thumb Code   322  ff.o(i.put_fat)
    uart_init                                0x08005009   Thumb Code   152  usart.o(i.uart_init)
    FILE_TYPE_TBL                            0x08005118   Data         312  exfuns.o(.constdata)
    bitrate                                  0x0802ff18   Data          64  vs10xx.o(.constdata)
    hanzi32                                  0x0802ff58   Data         384  framebox.o(.constdata)
    hanzi16                                  0x080300d8   Data         192  framebox.o(.constdata)
    qqimage                                  0x08030198   Data        3200  framebox.o(.constdata)
    asc2_1206                                0x08030e18   Data        1140  framebox.o(.constdata)
    asc2_1608                                0x0803128c   Data        1520  framebox.o(.constdata)
    memtblsize                               0x0803187c   Data           8  malloc.o(.constdata)
    memblksize                               0x08031884   Data           8  malloc.o(.constdata)
    memsize                                  0x0803188c   Data           8  malloc.o(.constdata)
    vs1053b_patch                            0x08031894   Data       10866  player.o(.constdata)
    Region$$Table$$Base                      0x08034394   Number         0  anon$$obj.o(Region$$Table)
    Region$$Table$$Limit                     0x080343b4   Number         0  anon$$obj.o(Region$$Table)
    SystemCoreClock                          0x20000000   Data           4  system_stm32f10x.o(.data)
    AHBPrescTable                            0x20000004   Data          16  system_stm32f10x.o(.data)
    FLASH_SECTOR_COUNT                       0x20000028   Data           2  diskio.o(.data)
    fs                                       0x20000038   Data           8  exfuns.o(.data)
    file                                     0x20000040   Data           4  exfuns.o(.data)
    ftemp                                    0x20000044   Data           4  exfuns.o(.data)
    br                                       0x20000048   Data           4  exfuns.o(.data)
    bw                                       0x2000004c   Data           4  exfuns.o(.data)
    fatbuf                                   0x20000050   Data           4  exfuns.o(.data)
    __stdout                                 0x20000058   Data           4  usart.o(.data)
    USART_RX_STA                             0x2000005c   Data           2  usart.o(.data)
    W25QXX_TYPE                              0x2000005e   Data           2  w25qxx.o(.data)
    vsset                                    0x20000060   Data           8  vs10xx.o(.data)
    BackgroundColor                          0x20000068   Data           2  framebox.o(.data)
    StatePointer                             0x2000006a   Data           1  framebox.o(.data)
    LimitedTimes                             0x2000006b   Data           1  framebox.o(.data)
    mallco_dev                               0x2000006c   Data          28  malloc.o(.data)
    volume                                   0x20000088   Data           4  player.o(.data)
    f_kbps                                   0x2000008c   Data           2  player.o(.data)
    USART_RX_BUF                             0x20000090   Data         200  usart.o(.bss)
    W25QXX_BUFFER                            0x20000158   Data        4096  w25qxx.o(.bss)
    MicroSDInfo                              0x20001158   Data         376  microsd.o(.bss)
    MicroSDDataBuff                          0x200012d0   Data         512  microsd.o(.bss)
    lcddev                                   0x200014d0   Data          14  lcd_2_0.o(.bss)
    StringOperation_Buff                     0x200014de   Data         550  stringoperation.o(.bss)
    mem1base                                 0x20001720   Data       40960  malloc.o(.bss)
    mem1mapbase                              0x2000b720   Data        2560  malloc.o(.bss)
    __libspace_start                         0x2000c120   Data          96  libspace.o(.bss)
    __temporary_stack_top$libspace           0x2000c180   Data           0  libspace.o(.bss)
    mem2base                                 0x68000000   Data          32  malloc.o(.ARM.__AT_0x68000000)
    mem2mapbase                              0x68000020   Data           2  malloc.o(.ARM.__AT_0x68000020)



==============================================================================

Memory Map of the image

  Image Entry point : 0x080001dd

  Load Region LR_1 (Base: 0x08000000, Size: 0x00034444, Max: 0xffffffff, ABSOLUTE)

    Execution Region ER_RO (Base: 0x08000000, Size: 0x000343b4, Max: 0xffffffff, ABSOLUTE)

    Base Addr    Size         Type   Attr      Idx    E Section Name        Object

    0x08000000   0x00000130   Data   RO          298    RESET               startup_stm32f10x_hd.o
    0x08000130   0x00000008   Code   RO         3833  * !!!main             c_w.l(__main.o)
    0x08000138   0x00000034   Code   RO         4067    !!!scatter          c_w.l(__scatter.o)
    0x0800016c   0x0000001a   Code   RO         4069    !!handler_copy      c_w.l(__scatter_copy.o)
    0x08000186   0x00000002   PAD
    0x08000188   0x0000001c   Code   RO         4071    !!handler_zi        c_w.l(__scatter_zi.o)
    0x080001a4   0x00000000   Code   RO         3824    .ARM.Collect$$_printf_percent$$00000000  c_w.l(_printf_percent.o)
    0x080001a4   0x00000006   Code   RO         3823    .ARM.Collect$$_printf_percent$$00000009  c_w.l(_printf_d.o)
    0x080001aa   0x00000006   Code   RO         3822    .ARM.Collect$$_printf_percent$$0000000C  c_w.l(_printf_x.o)
    0x080001b0   0x00000004   Code   RO         3896    .ARM.Collect$$_printf_percent$$00000017  c_w.l(_printf_percent_end.o)
    0x080001b4   0x00000002   Code   RO         3942    .ARM.Collect$$libinit$$00000000  c_w.l(libinit.o)
    0x080001b6   0x00000000   Code   RO         3949    .ARM.Collect$$libinit$$00000002  c_w.l(libinit2.o)
    0x080001b6   0x00000000   Code   RO         3951    .ARM.Collect$$libinit$$00000004  c_w.l(libinit2.o)
    0x080001b6   0x00000000   Code   RO         3954    .ARM.Collect$$libinit$$0000000A  c_w.l(libinit2.o)
    0x080001b6   0x00000000   Code   RO         3956    .ARM.Collect$$libinit$$0000000C  c_w.l(libinit2.o)
    0x080001b6   0x00000000   Code   RO         3958    .ARM.Collect$$libinit$$0000000E  c_w.l(libinit2.o)
    0x080001b6   0x00000000   Code   RO         3961    .ARM.Collect$$libinit$$00000011  c_w.l(libinit2.o)
    0x080001b6   0x00000000   Code   RO         3963    .ARM.Collect$$libinit$$00000013  c_w.l(libinit2.o)
    0x080001b6   0x00000000   Code   RO         3965    .ARM.Collect$$libinit$$00000015  c_w.l(libinit2.o)
    0x080001b6   0x00000000   Code   RO         3967    .ARM.Collect$$libinit$$00000017  c_w.l(libinit2.o)
    0x080001b6   0x00000000   Code   RO         3969    .ARM.Collect$$libinit$$00000019  c_w.l(libinit2.o)
    0x080001b6   0x00000000   Code   RO         3971    .ARM.Collect$$libinit$$0000001B  c_w.l(libinit2.o)
    0x080001b6   0x00000000   Code   RO         3973    .ARM.Collect$$libinit$$0000001D  c_w.l(libinit2.o)
    0x080001b6   0x00000000   Code   RO         3975    .ARM.Collect$$libinit$$0000001F  c_w.l(libinit2.o)
    0x080001b6   0x00000000   Code   RO         3977    .ARM.Collect$$libinit$$00000021  c_w.l(libinit2.o)
    0x080001b6   0x00000000   Code   RO         3979    .ARM.Collect$$libinit$$00000023  c_w.l(libinit2.o)
    0x080001b6   0x00000000   Code   RO         3981    .ARM.Collect$$libinit$$00000025  c_w.l(libinit2.o)
    0x080001b6   0x00000000   Code   RO         3985    .ARM.Collect$$libinit$$0000002C  c_w.l(libinit2.o)
    0x080001b6   0x00000000   Code   RO         3987    .ARM.Collect$$libinit$$0000002E  c_w.l(libinit2.o)
    0x080001b6   0x00000000   Code   RO         3989    .ARM.Collect$$libinit$$00000030  c_w.l(libinit2.o)
    0x080001b6   0x00000000   Code   RO         3991    .ARM.Collect$$libinit$$00000032  c_w.l(libinit2.o)
    0x080001b6   0x00000002   Code   RO         3992    .ARM.Collect$$libinit$$00000033  c_w.l(libinit2.o)
    0x080001b8   0x00000002   Code   RO         4010    .ARM.Collect$$libshutdown$$00000000  c_w.l(libshutdown.o)
    0x080001ba   0x00000000   Code   RO         4021    .ARM.Collect$$libshutdown$$00000003  c_w.l(libshutdown2.o)
    0x080001ba   0x00000000   Code   RO         4024    .ARM.Collect$$libshutdown$$00000006  c_w.l(libshutdown2.o)
    0x080001ba   0x00000000   Code   RO         4027    .ARM.Collect$$libshutdown$$00000009  c_w.l(libshutdown2.o)
    0x080001ba   0x00000000   Code   RO         4029    .ARM.Collect$$libshutdown$$0000000B  c_w.l(libshutdown2.o)
    0x080001ba   0x00000000   Code   RO         4032    .ARM.Collect$$libshutdown$$0000000E  c_w.l(libshutdown2.o)
    0x080001ba   0x00000002   Code   RO         4033    .ARM.Collect$$libshutdown$$0000000F  c_w.l(libshutdown2.o)
    0x080001bc   0x00000000   Code   RO         3889    .ARM.Collect$$rtentry$$00000000  c_w.l(__rtentry.o)
    0x080001bc   0x00000000   Code   RO         3911    .ARM.Collect$$rtentry$$00000002  c_w.l(__rtentry2.o)
    0x080001bc   0x00000006   Code   RO         3923    .ARM.Collect$$rtentry$$00000004  c_w.l(__rtentry4.o)
    0x080001c2   0x00000000   Code   RO         3913    .ARM.Collect$$rtentry$$00000009  c_w.l(__rtentry2.o)
    0x080001c2   0x00000004   Code   RO         3914    .ARM.Collect$$rtentry$$0000000A  c_w.l(__rtentry2.o)
    0x080001c6   0x00000000   Code   RO         3916    .ARM.Collect$$rtentry$$0000000C  c_w.l(__rtentry2.o)
    0x080001c6   0x00000008   Code   RO         3917    .ARM.Collect$$rtentry$$0000000D  c_w.l(__rtentry2.o)
    0x080001ce   0x00000002   Code   RO         3946    .ARM.Collect$$rtexit$$00000000  c_w.l(rtexit.o)
    0x080001d0   0x00000000   Code   RO         3994    .ARM.Collect$$rtexit$$00000002  c_w.l(rtexit2.o)
    0x080001d0   0x00000004   Code   RO         3995    .ARM.Collect$$rtexit$$00000003  c_w.l(rtexit2.o)
    0x080001d4   0x00000006   Code   RO         3996    .ARM.Collect$$rtexit$$00000004  c_w.l(rtexit2.o)
    0x080001da   0x00000002   PAD
    0x080001dc   0x00000040   Code   RO          299  * .text               startup_stm32f10x_hd.o
    0x0800021c   0x00000002   Code   RO         3767    .text               c_w.l(use_no_semi_2.o)
    0x0800021e   0x00000002   PAD
    0x08000220   0x00000018   Code   RO         3771    .text               c_w.l(noretval__2printf.o)
    0x08000238   0x00000068   Code   RO         3773    .text               c_w.l(__printf.o)
    0x080002a0   0x00000078   Code   RO         3777    .text               c_w.l(_printf_dec.o)
    0x08000318   0x00000058   Code   RO         3782    .text               c_w.l(_printf_hex_int.o)
    0x08000370   0x00000048   Code   RO         3825    .text               c_w.l(strcpy.o)
    0x080003b8   0x00000018   Code   RO         3827    .text               c_w.l(strcat.o)
    0x080003d0   0x00000080   Code   RO         3829    .text               c_w.l(strcmpv7m.o)
    0x08000450   0x00000006   Code   RO         3831    .text               c_w.l(heapauxi.o)
    0x08000456   0x00000002   Code   RO         3887    .text               c_w.l(use_no_semi.o)
    0x08000458   0x000000b2   Code   RO         3890    .text               c_w.l(_printf_intcommon.o)
    0x0800050a   0x00000002   PAD
    0x0800050c   0x00000024   Code   RO         3894    .text               c_w.l(_printf_char_file.o)
    0x08000530   0x00000030   Code   RO         3925    .text               c_w.l(_printf_char_common.o)
    0x08000560   0x00000008   Code   RO         3927    .text               c_w.l(ferror.o)
    0x08000568   0x0000004a   Code   RO         3931    .text               c_w.l(sys_stackheap_outer.o)
    0x080005b2   0x0000000c   Code   RO         3935    .text               c_w.l(exit.o)
    0x080005be   0x00000002   PAD
    0x080005c0   0x00000008   Code   RO         3943    .text               c_w.l(libspace.o)
    0x080005c8   0x00000004   Code   RO          191    i.BusFault_Handler  stm32f10x_it.o
    0x080005cc   0x00000002   Code   RO          192    i.DebugMon_Handler  stm32f10x_it.o
    0x080005ce   0x00000002   PAD
    0x080005d0   0x00000030   Code   RO         3533    i.FrameClear        framebox.o
    0x08000600   0x000000b0   Code   RO         3535    i.FrameDrawLine     framebox.o
    0x080006b0   0x0000004c   Code   RO         3537    i.FrameFull         framebox.o
    0x080006fc   0x000000a8   Code   RO         3540    i.FrameShowChar     framebox.o
    0x080007a4   0x0000007a   Code   RO         3541    i.FrameShowString   framebox.o
    0x0800081e   0x00000002   PAD
    0x08000820   0x0000007c   Code   RO         3542    i.FrameStart        framebox.o
    0x0800089c   0x00000116   Code   RO          467    i.GPIO_Init         stm32f10x_gpio.o
    0x080009b2   0x00000012   Code   RO          471    i.GPIO_ReadInputDataBit  stm32f10x_gpio.o
    0x080009c4   0x00000004   Code   RO          474    i.GPIO_ResetBits    stm32f10x_gpio.o
    0x080009c8   0x00000004   Code   RO          475    i.GPIO_SetBits      stm32f10x_gpio.o
    0x080009cc   0x00000068   Code   RO         3140    i.GetKeyCilk        key.o
    0x08000a34   0x00000004   Code   RO          193    i.HardFault_Handler  stm32f10x_it.o
    0x08000a38   0x00000058   Code   RO         3141    i.KeyInit           key.o
    0x08000a90   0x00000040   Code   RO         3333    i.LCD_Clear         lcd_2_0.o
    0x08000ad0   0x00000050   Code   RO         3336    i.LCD_GPIOInit      lcd_2_0.o
    0x08000b20   0x0000023c   Code   RO         3337    i.LCD_Init          lcd_2_0.o
    0x08000d5c   0x0000002c   Code   RO         3338    i.LCD_SetCursor     lcd_2_0.o
    0x08000d88   0x00000040   Code   RO         3339    i.LCD_SetParam      lcd_2_0.o
    0x08000dc8   0x0000004c   Code   RO         3340    i.LCD_SetWindows    lcd_2_0.o
    0x08000e14   0x00000040   Code   RO         3341    i.LCD_WR_DATA       lcd_2_0.o
    0x08000e54   0x00000044   Code   RO         3342    i.LCD_WR_REG        lcd_2_0.o
    0x08000e98   0x00000010   Code   RO         3343    i.LCD_WriteRAM_Prepare  lcd_2_0.o
    0x08000ea8   0x00000014   Code   RO         3344    i.LCD_WriteReg      lcd_2_0.o
    0x08000ebc   0x00000004   Code   RO          194    i.MemManage_Handler  stm32f10x_it.o
    0x08000ec0   0x00000018   Code   RO         3044    i.MicroSDDisSelect  microsd.o
    0x08000ed8   0x00000034   Code   RO         3045    i.MicroSDGPIOInit   microsd.o
    0x08000f0c   0x0000002a   Code   RO         3047    i.MicroSDGetCSD     microsd.o
    0x08000f36   0x00000026   Code   RO         3048    i.MicroSDGetResponse  microsd.o
    0x08000f5c   0x00000076   Code   RO         3049    i.MicroSDGetSectorCount  microsd.o
    0x08000fd2   0x00000002   PAD
    0x08000fd4   0x00000200   Code   RO         3050    i.MicroSDInit       microsd.o
    0x080011d4   0x00000078   Code   RO         3051    i.MicroSDReadDisk   microsd.o
    0x0800124c   0x00000038   Code   RO         3052    i.MicroSDRecvData   microsd.o
    0x08001284   0x00000052   Code   RO         3054    i.MicroSDSendBlock  microsd.o
    0x080012d6   0x00000002   PAD
    0x080012d8   0x00000070   Code   RO         3055    i.MicroSDSendCmd    microsd.o
    0x08001348   0x00000022   Code   RO         3056    i.MicroSDWaitReady  microsd.o
    0x0800136a   0x00000002   PAD
    0x0800136c   0x00000094   Code   RO         3057    i.MicroSDWriteDisk  microsd.o
    0x08001400   0x00000002   Code   RO          195    i.NMI_Handler       stm32f10x_it.o
    0x08001402   0x00000002   PAD
    0x08001404   0x00000070   Code   RO          303    i.NVIC_Init         misc.o
    0x08001474   0x00000014   Code   RO          304    i.NVIC_PriorityGroupConfig  misc.o
    0x08001488   0x00000002   Code   RO          196    i.PendSV_Handler    stm32f10x_it.o
    0x0800148a   0x00000002   PAD
    0x0800148c   0x00000020   Code   RO          577    i.RCC_APB1PeriphClockCmd  stm32f10x_rcc.o
    0x080014ac   0x00000020   Code   RO          579    i.RCC_APB2PeriphClockCmd  stm32f10x_rcc.o
    0x080014cc   0x000000d4   Code   RO          587    i.RCC_GetClocksFreq  stm32f10x_rcc.o
    0x080015a0   0x00000090   Code   RO         2893    i.SPI1_Init         spi.o
    0x08001630   0x00000054   Code   RO         2894    i.SPI1_ReadWriteByte  spi.o
    0x08001684   0x00000028   Code   RO         2895    i.SPI1_SetSpeed     spi.o
    0x080016ac   0x0000008c   Code   RO         2896    i.SPI2_Init         spi.o
    0x08001738   0x00000054   Code   RO         2897    i.SPI2_ReadWriteByte  spi.o
    0x0800178c   0x00000028   Code   RO         2898    i.SPI2_SetSpeed     spi.o
    0x080017b4   0x00000018   Code   RO         1056    i.SPI_Cmd           stm32f10x_spi.o
    0x080017cc   0x00000012   Code   RO         1064    i.SPI_I2S_GetFlagStatus  stm32f10x_spi.o
    0x080017de   0x00000006   Code   RO         1067    i.SPI_I2S_ReceiveData  stm32f10x_spi.o
    0x080017e4   0x00000004   Code   RO         1068    i.SPI_I2S_SendData  stm32f10x_spi.o
    0x080017e8   0x0000003c   Code   RO         1069    i.SPI_Init          stm32f10x_spi.o
    0x08001824   0x00000022   Code   RO         2899    i.SPI_WriteByte     spi.o
    0x08001846   0x00000002   Code   RO          197    i.SVC_Handler       stm32f10x_it.o
    0x08001848   0x00000008   Code   RO          251    i.SetSysClock       system_stm32f10x.o
    0x08001850   0x000000e0   Code   RO          252    i.SetSysClockTo72   system_stm32f10x.o
    0x08001930   0x00000018   Code   RO         3438    i.StringCopy        stringoperation.o
    0x08001948   0x00000048   Code   RO         3442    i.StringInt         stringoperation.o
    0x08001990   0x00000034   Code   RO         3444    i.StringReverse     stringoperation.o
    0x080019c4   0x00000028   Code   RO          307    i.SysTick_CLKSourceConfig  misc.o
    0x080019ec   0x00000002   Code   RO          198    i.SysTick_Handler   stm32f10x_it.o
    0x080019ee   0x00000002   PAD
    0x080019f0   0x00000060   Code   RO          254    i.SystemInit        system_stm32f10x.o
    0x08001a50   0x00000098   Code   RO         2852    i.USART1_IRQHandler  usart.o
    0x08001ae8   0x00000018   Code   RO         1747    i.USART_Cmd         stm32f10x_usart.o
    0x08001b00   0x00000054   Code   RO         1751    i.USART_GetITStatus  stm32f10x_usart.o
    0x08001b54   0x0000004a   Code   RO         1753    i.USART_ITConfig    stm32f10x_usart.o
    0x08001b9e   0x00000002   PAD
    0x08001ba0   0x000000d8   Code   RO         1754    i.USART_Init        stm32f10x_usart.o
    0x08001c78   0x0000000a   Code   RO         1761    i.USART_ReceiveData  stm32f10x_usart.o
    0x08001c82   0x00000004   Code   RO          199    i.UsageFault_Handler  stm32f10x_it.o
    0x08001c86   0x00000010   Code   RO         3159    i.VS_Get_DecodeTime  vs10xx.o
    0x08001c96   0x0000000c   Code   RO         3160    i.VS_Get_EndFillByte  vs10xx.o
    0x08001ca2   0x00000002   PAD
    0x08001ca4   0x000000ac   Code   RO         3161    i.VS_Get_HeadInfo   vs10xx.o
    0x08001d50   0x00000058   Code   RO         3162    i.VS_HD_Reset       vs10xx.o
    0x08001da8   0x0000004c   Code   RO         3163    i.VS_Init           vs10xx.o
    0x08001df4   0x00000070   Code   RO         3164    i.VS_Load_Patch     vs10xx.o
    0x08001e64   0x00000064   Code   RO         3165    i.VS_RD_Reg         vs10xx.o
    0x08001ec8   0x00000014   Code   RO         3167    i.VS_Reset_DecodeTime  vs10xx.o
    0x08001edc   0x000000b6   Code   RO         3168    i.VS_Restart_Play   vs10xx.o
    0x08001f92   0x0000000c   Code   RO         3169    i.VS_SPI_ReadWriteByte  vs10xx.o
    0x08001f9e   0x0000000a   Code   RO         3170    i.VS_SPI_SpeedHigh  vs10xx.o
    0x08001fa8   0x0000000a   Code   RO         3171    i.VS_SPI_SpeedLow   vs10xx.o
    0x08001fb2   0x0000001a   Code   RO         3172    i.VS_SPK_Set        vs10xx.o
    0x08001fcc   0x0000003c   Code   RO         3173    i.VS_Send_MusicData  vs10xx.o
    0x08002008   0x00000030   Code   RO         3174    i.VS_Set_All        vs10xx.o
    0x08002038   0x00000066   Code   RO         3175    i.VS_Set_Bass       vs10xx.o
    0x0800209e   0x00000036   Code   RO         3176    i.VS_Set_Effect     vs10xx.o
    0x080020d4   0x00000026   Code   RO         3178    i.VS_Set_Vol        vs10xx.o
    0x080020fa   0x00000002   PAD
    0x080020fc   0x00000080   Code   RO         3180    i.VS_Soft_Reset     vs10xx.o
    0x0800217c   0x00000018   Code   RO         3181    i.VS_WRAM_Read      vs10xx.o
    0x08002194   0x00000028   Code   RO         3182    i.VS_WRAM_Write     vs10xx.o
    0x080021bc   0x00000054   Code   RO         3183    i.VS_WR_Cmd         vs10xx.o
    0x08002210   0x00000058   Code   RO         2942    i.W25QXX_Erase_Sector  w25qxx.o
    0x08002268   0x00000074   Code   RO         2943    i.W25QXX_Init       w25qxx.o
    0x080022dc   0x00000050   Code   RO         2945    i.W25QXX_Read       w25qxx.o
    0x0800232c   0x00000048   Code   RO         2946    i.W25QXX_ReadID     w25qxx.o
    0x08002374   0x0000002c   Code   RO         2947    i.W25QXX_ReadSR     w25qxx.o
    0x080023a0   0x00000012   Code   RO         2949    i.W25QXX_Wait_Busy  w25qxx.o
    0x080023b2   0x00000002   PAD
    0x080023b4   0x000000b8   Code   RO         2950    i.W25QXX_Write      w25qxx.o
    0x0800246c   0x00000020   Code   RO         2952    i.W25QXX_Write_Enable  w25qxx.o
    0x0800248c   0x00000046   Code   RO         2953    i.W25QXX_Write_NoCheck  w25qxx.o
    0x080024d2   0x00000002   PAD
    0x080024d4   0x00000054   Code   RO         2954    i.W25QXX_Write_Page  w25qxx.o
    0x08002528   0x00000006   Code   RO         2853    i._sys_exit         usart.o
    0x0800252e   0x0000001a   Code   RO         2565    i.char_upper        exfuns.o
    0x08002548   0x00000090   Code   RO         2221    i.check_fs          ff.o
    0x080025d8   0x00000014   Code   RO         2222    i.chk_chr           ff.o
    0x080025ec   0x00000032   Code   RO         2223    i.clmt_clust        ff.o
    0x0800261e   0x0000001a   Code   RO         2224    i.clust2sect        ff.o
    0x08002638   0x00000090   Code   RO         2225    i.cmp_lfn           ff.o
    0x080026c8   0x000000d6   Code   RO         2226    i.create_chain      ff.o
    0x0800279e   0x00000002   PAD
    0x080027a0   0x00000270   Code   RO         2227    i.create_name       ff.o
    0x08002a10   0x00000044   Code   RO         2792    i.delay_init        delay.o
    0x08002a54   0x0000004c   Code   RO         2794    i.delay_ms          delay.o
    0x08002aa0   0x0000004c   Code   RO         2795    i.delay_us          delay.o
    0x08002aec   0x0000005c   Code   RO         2228    i.dir_alloc         ff.o
    0x08002b48   0x000000ea   Code   RO         2229    i.dir_find          ff.o
    0x08002c32   0x0000010e   Code   RO         2230    i.dir_next          ff.o
    0x08002d40   0x000000c6   Code   RO         2231    i.dir_read          ff.o
    0x08002e06   0x0000012a   Code   RO         2232    i.dir_register      ff.o
    0x08002f30   0x0000009e   Code   RO         2234    i.dir_sdi           ff.o
    0x08002fce   0x00000002   PAD
    0x08002fd0   0x00000050   Code   RO         2145    i.disk_initialize   diskio.o
    0x08003020   0x00000088   Code   RO         2146    i.disk_ioctl        diskio.o
    0x080030a8   0x0000007a   Code   RO         2147    i.disk_read         diskio.o
    0x08003122   0x00000006   Code   RO         2148    i.disk_status       diskio.o
    0x08003128   0x0000007a   Code   RO         2149    i.disk_write        diskio.o
    0x080031a2   0x0000004a   Code   RO         2566    i.exf_getfree       exfuns.o
    0x080031ec   0x00000084   Code   RO         2567    i.exfuns_init       exfuns.o
    0x08003270   0x00000020   Code   RO         2236    i.f_close           ff.o
    0x08003290   0x00000102   Code   RO         2238    i.f_getfree         ff.o
    0x08003392   0x00000002   PAD
    0x08003394   0x0000005c   Code   RO         2244    i.f_mount           ff.o
    0x080033f0   0x00000180   Code   RO         2245    i.f_open            ff.o
    0x08003570   0x00000088   Code   RO         2246    i.f_opendir         ff.o
    0x080035f8   0x000001b0   Code   RO         2250    i.f_read            ff.o
    0x080037a8   0x00000072   Code   RO         2251    i.f_readdir         ff.o
    0x0800381a   0x000000b0   Code   RO         2255    i.f_sync            ff.o
    0x080038ca   0x00000002   PAD
    0x080038cc   0x000000c0   Code   RO         2568    i.f_typetell        exfuns.o
    0x0800398c   0x0000007c   Code   RO         2763    i.ff_convert        cc936.o
    0x08003a08   0x0000000e   Code   RO         2150    i.ff_memalloc       diskio.o
    0x08003a16   0x0000000e   Code   RO         2151    i.ff_memfree        diskio.o
    0x08003a24   0x00000038   Code   RO         2764    i.ff_wtoupper       cc936.o
    0x08003a5c   0x00000394   Code   RO         2260    i.find_volume       ff.o
    0x08003df0   0x00000080   Code   RO         2261    i.fit_lfn           ff.o
    0x08003e70   0x00000090   Code   RO         2262    i.follow_path       ff.o
    0x08003f00   0x0000001c   Code   RO         2854    i.fputc             usart.o
    0x08003f1c   0x000000cc   Code   RO         2263    i.gen_numname       ff.o
    0x08003fe8   0x000000f2   Code   RO         2264    i.get_fat           ff.o
    0x080040da   0x00000004   Code   RO         2152    i.get_fattime       diskio.o
    0x080040de   0x00000110   Code   RO         2265    i.get_fileinfo      ff.o
    0x080041ee   0x0000004a   Code   RO         2266    i.get_ldnumber      ff.o
    0x08004238   0x00000020   Code   RO         2267    i.ld_clust          ff.o
    0x08004258   0x000000c4   Code   RO            4    i.main              main.o
    0x0800431c   0x00000026   Code   RO         2268    i.mem_cmp           ff.o
    0x08004342   0x0000001a   Code   RO         2269    i.mem_cpy           ff.o
    0x0800435c   0x00000014   Code   RO         2270    i.mem_set           ff.o
    0x08004370   0x00000034   Code   RO         2271    i.move_window       ff.o
    0x080043a4   0x00000074   Code   RO         3708    i.mp3_get_tnum      player.o
    0x08004418   0x000000a8   Code   RO         3709    i.mp3_index_show    player.o
    0x080044c0   0x000001c4   Code   RO         3710    i.mp3_msg_show      player.o
    0x08004684   0x00000248   Code   RO         3711    i.mp3_play          player.o
    0x080048cc   0x00000174   Code   RO         3712    i.mp3_play_song     player.o
    0x08004a40   0x00000064   Code   RO         3713    i.mp3_vol_show      player.o
    0x08004aa4   0x0000006c   Code   RO         3638    i.my_mem_free       malloc.o
    0x08004b10   0x00000044   Code   RO         3639    i.my_mem_init       malloc.o
    0x08004b54   0x000000a8   Code   RO         3640    i.my_mem_malloc     malloc.o
    0x08004bfc   0x00000040   Code   RO         3641    i.my_mem_perused    malloc.o
    0x08004c3c   0x00000024   Code   RO         3642    i.myfree            malloc.o
    0x08004c60   0x00000028   Code   RO         3643    i.mymalloc          malloc.o
    0x08004c88   0x00000014   Code   RO         3645    i.mymemset          malloc.o
    0x08004c9c   0x00000074   Code   RO         2272    i.pick_lfn          ff.o
    0x08004d10   0x00000142   Code   RO         2273    i.put_fat           ff.o
    0x08004e52   0x0000006c   Code   RO         2275    i.remove_chain      ff.o
    0x08004ebe   0x00000010   Code   RO         2276    i.st_clust          ff.o
    0x08004ece   0x00000020   Code   RO         2277    i.sum_sfn           ff.o
    0x08004eee   0x000000c8   Code   RO         2278    i.sync_fs           ff.o
    0x08004fb6   0x00000052   Code   RO         2279    i.sync_window       ff.o
    0x08005008   0x000000a0   Code   RO         2855    i.uart_init         usart.o
    0x080050a8   0x00000036   Code   RO         2280    i.validate          ff.o
    0x080050de   0x0000003a   Data   RO         2281    .constdata          ff.o
    0x08005118   0x00000138   Data   RO         2570    .constdata          exfuns.o
    0x08005250   0x0002acc8   Data   RO         2765    .constdata          cc936.o
    0x0802ff18   0x00000040   Data   RO         3185    .constdata          vs10xx.o
    0x0802ff58   0x00001924   Data   RO         3546    .constdata          framebox.o
    0x0803187c   0x00000018   Data   RO         3650    .constdata          malloc.o
    0x08031894   0x00002a72   Data   RO         3714    .constdata          player.o
    0x08034306   0x00000028   Data   RO         3783    .constdata          c_w.l(_printf_hex_int.o)
    0x0803432e   0x00000002   PAD
    0x08034330   0x00000064   Data   RO         2571    .conststring        exfuns.o
    0x08034394   0x00000020   Data   RO         4065    Region$$Table       anon$$obj.o


    Execution Region ER_RW (Base: 0x20000000, Size: 0x00000090, Max: 0xffffffff, ABSOLUTE)

    Base Addr    Size         Type   Attr      Idx    E Section Name        Object

    0x20000000   0x00000014   Data   RW          255    .data               system_stm32f10x.o
    0x20000014   0x00000014   Data   RW          607    .data               stm32f10x_rcc.o
    0x20000028   0x00000002   Data   RW         2153    .data               diskio.o
    0x2000002a   0x00000002   PAD
    0x2000002c   0x0000000a   Data   RW         2282    .data               ff.o
    0x20000036   0x00000002   PAD
    0x20000038   0x0000001c   Data   RW         2572    .data               exfuns.o
    0x20000054   0x00000004   Data   RW         2796    .data               delay.o
    0x20000058   0x00000006   Data   RW         2857    .data               usart.o
    0x2000005e   0x00000002   Data   RW         2957    .data               w25qxx.o
    0x20000060   0x00000008   Data   RW         3186    .data               vs10xx.o
    0x20000068   0x00000004   Data   RW         3547    .data               framebox.o
    0x2000006c   0x0000001c   Data   RW         3651    .data               malloc.o
    0x20000088   0x00000008   Data   RW         3715    .data               player.o


    Execution Region ER_ZI (Base: 0x20000090, Size: 0x0000c6f0, Max: 0xffffffff, ABSOLUTE)

    Base Addr    Size         Type   Attr      Idx    E Section Name        Object

    0x20000090   0x000000c8   Zero   RW         2856    .bss                usart.o
    0x20000158   0x00001000   Zero   RW         2956    .bss                w25qxx.o
    0x20001158   0x00000378   Zero   RW         3058    .bss                microsd.o
    0x200014d0   0x0000000e   Zero   RW         3346    .bss                lcd_2_0.o
    0x200014de   0x00000226   Zero   RW         3446    .bss                stringoperation.o
    0x20001704   0x0000001c   PAD
    0x20001720   0x0000aa00   Zero   RW         3649    .bss                malloc.o
    0x2000c120   0x00000060   Zero   RW         3944    .bss                c_w.l(libspace.o)
    0x2000c180   0x00000200   Zero   RW          297    HEAP                startup_stm32f10x_hd.o
    0x2000c380   0x00000400   Zero   RW          296    STACK               startup_stm32f10x_hd.o



  Load Region LR$$.ARM.__AT_0x68000000 (Base: 0x68000000, Size: 0x00000000, Max: 0x00000020, ABSOLUTE)

    Execution Region ER$$.ARM.__AT_0x68000000 (Base: 0x68000000, Size: 0x00000020, Max: 0x00000020, ABSOLUTE, UNINIT)

    Base Addr    Size         Type   Attr      Idx    E Section Name        Object

    0x68000000   0x00000020   Zero   RW         3647    .ARM.__AT_0x68000000  malloc.o



  Load Region LR$$.ARM.__AT_0x68000020 (Base: 0x68000020, Size: 0x00000000, Max: 0x00000004, ABSOLUTE)

    Execution Region ER$$.ARM.__AT_0x68000020 (Base: 0x68000020, Size: 0x00000004, Max: 0x00000004, ABSOLUTE, UNINIT)

    Base Addr    Size         Type   Attr      Idx    E Section Name        Object

    0x68000020   0x00000002   Zero   RW         3648    .ARM.__AT_0x68000020  malloc.o


==============================================================================

Image component sizes


      Code (inc. data)   RO Data    RW Data    ZI Data      Debug   Object Name

       180         18     175304          0          0       2543   cc936.o
         0          0          0          0          0         32   core_cm3.o
       220         26          0          4          0       1743   delay.o
       498         26          0          2          0       6532   diskio.o
       424         22        412         28          0       3718   exfuns.o
      7174         68         58         10          0      39311   ff.o
       714         28       6436          4          0       6031   framebox.o
       192         18          0          0          0       1075   key.o
      1068         66          0          0         14       6874   lcd_2_0.o
       196         66          0          0          0     241915   main.o
       504         60         24         28      43554       6137   malloc.o
      1338        112          0          0        888      10040   microsd.o
       172         22          0          0          0     207369   misc.o
      1792        264      10866          8          0       5906   player.o
       566         36          0          0          0       4402   spi.o
        64         26        304          0       1536        820   startup_stm32f10x_hd.o
       304          0          0          0          0       3568   stm32f10x_gpio.o
        26          0          0          0          0       3822   stm32f10x_it.o
       276         32          0         20          0       4386   stm32f10x_rcc.o
       112          0          0          0          0       3734   stm32f10x_spi.o
       408          6          0          0          0       4870   stm32f10x_usart.o
       148          8          0          0        550       2708   stringoperation.o
       328         28          0         20          0       2157   system_stm32f10x.o
       346         26          0          6        200       4208   usart.o
      1414         64         64          8          0      14555   vs10xx.o
       788         92          0          2       4096       6757   w25qxx.o

    ----------------------------------------------------------------------
     19286       1114     193500        144      50868     595213   Object Totals
         0          0         32          0          0          0   (incl. Generated)
        34          0          0          4         30          0   (incl. Padding)

    ----------------------------------------------------------------------

      Code (inc. data)   RO Data    RW Data    ZI Data      Debug   Library Member Name

         8          0          0          0          0         68   __main.o
       104          0          0          0          0         84   __printf.o
         0          0          0          0          0          0   __rtentry.o
        12          0          0          0          0          0   __rtentry2.o
         6          0          0          0          0          0   __rtentry4.o
        52          8          0          0          0          0   __scatter.o
        26          0          0          0          0          0   __scatter_copy.o
        28          0          0          0          0          0   __scatter_zi.o
        48          6          0          0          0         96   _printf_char_common.o
        36          4          0          0          0         80   _printf_char_file.o
         6          0          0          0          0          0   _printf_d.o
       120         16          0          0          0         92   _printf_dec.o
        88          4         40          0          0         88   _printf_hex_int.o
       178          0          0          0          0         88   _printf_intcommon.o
         0          0          0          0          0          0   _printf_percent.o
         4          0          0          0          0          0   _printf_percent_end.o
         6          0          0          0          0          0   _printf_x.o
        12          0          0          0          0         72   exit.o
         8          0          0          0          0         68   ferror.o
         6          0          0          0          0        152   heapauxi.o
         2          0          0          0          0          0   libinit.o
         2          0          0          0          0          0   libinit2.o
         2          0          0          0          0          0   libshutdown.o
         2          0          0          0          0          0   libshutdown2.o
         8          4          0          0         96         68   libspace.o
        24          4          0          0          0         84   noretval__2printf.o
         2          0          0          0          0          0   rtexit.o
        10          0          0          0          0          0   rtexit2.o
        24          0          0          0          0         68   strcat.o
       128          0          0          0          0         68   strcmpv7m.o
        72          0          0          0          0         80   strcpy.o
        74          0          0          0          0         80   sys_stackheap_outer.o
         2          0          0          0          0         68   use_no_semi.o
         2          0          0          0          0         68   use_no_semi_2.o

    ----------------------------------------------------------------------
      1112         46         42          0         96       1472   Library Totals
        10          0          2          0          0          0   (incl. Padding)

    ----------------------------------------------------------------------

      Code (inc. data)   RO Data    RW Data    ZI Data      Debug   Library Name

      1102         46         40          0         96       1472   c_w.l

    ----------------------------------------------------------------------
      1112         46         42          0         96       1472   Library Totals

    ----------------------------------------------------------------------

==============================================================================


      Code (inc. data)   RO Data    RW Data    ZI Data      Debug   

     20398       1160     193542        144      50964     586853   Grand Totals
     20398       1160     193542        144      50964     586853   ELF Image Totals
     20398       1160     193542        144          0          0   ROM Totals

==============================================================================

    Total RO  Size (Code + RO Data)               213940 ( 208.93kB)
    Total RW  Size (RW Data + ZI Data)             51108 (  49.91kB)
    Total ROM Size (Code + RO Data + RW Data)     214084 ( 209.07kB)

==============================================================================

